2023-12-08 23:11:04 - [INFO] kernel name: Task1 CP 1, id: 1 is loading ...
2023-12-08 23:16:16 - [INFO] kernel name: Task1 CP 1, id: 1 is loading ...
2023-12-08 23:17:26 - [INFO] kernel name: Task1 CP 1, id: 1 is loading ...
2023-12-08 23:17:26 - [INFO] module_file: „åu]
2023-12-08 23:18:19 - [INFO] kernel name: Task1 CP 1, id: 1 is loading ...
2023-12-08 23:18:19 - [INFO] module_file: <„≤U
2023-12-08 23:18:31 - [INFO] kernel name: Task1 CP 1, id: 1 is loading ...
2023-12-08 23:18:31 - [INFO] module_file: äba
2023-12-08 23:18:31 - [INFO] CMAKE_PATH: /home/jxdeng/workspace/tacker/runtime
2023-12-08 23:22:26 - [INFO] kernel name: Task1 CP 1, id: 1 is loading ...
2023-12-08 23:22:26 - [INFO] module_file: /home/jxdeng/workspace/tacker/runtime/cubins/ori_cp.cubin
2023-12-08 23:24:28 - [INFO] kernel name: Task1 CP 1, id: 1 is loading ...
2023-12-08 23:24:28 - [INFO] module_file: /home/jxdeng/workspace/tacker/runtime/cubins/ori_cp.cubin
2023-12-08 23:30:33 - [INFO] kernel name: Task1 CP 1, id: 1 is loading ...
2023-12-08 23:30:33 - [INFO] module_file: /home/jxdeng/workspace/tacker/runtime/cubins/ori_cp.cubin
2023-12-08 23:30:33 - [INFO] kernel name: Task1 CP 2, id: 2 is loading ...
2023-12-08 23:30:33 - [INFO] module_file: /home/jxdeng/workspace/tacker/runtime/cubins/ori_cp.cubin
2023-12-08 23:30:33 - [INFO] kernel name: Task1 CP 3, id: 3 is loading ...
2023-12-08 23:30:33 - [INFO] module_file: /home/jxdeng/workspace/tacker/runtime/cubins/ori_cp.cubin
2023-12-08 23:30:33 - [INFO] kernel name: Task2 CP 1, id: 1 is loading ...
2023-12-08 23:30:33 - [INFO] module_file: /home/jxdeng/workspace/tacker/runtime/cubins/ori_cp.cubin
2023-12-08 23:30:33 - [INFO] kernel name: Task2 CP 2, id: 2 is loading ...
2023-12-08 23:30:33 - [INFO] module_file: /home/jxdeng/workspace/tacker/runtime/cubins/ori_cp.cubin
2023-12-08 23:30:33 - [INFO] kernel name: Task2 CP 3, id: 3 is loading ...
2023-12-08 23:30:33 - [INFO] module_file: /home/jxdeng/workspace/tacker/runtime/cubins/ori_cp.cubin
2023-12-08 23:30:33 - [INFO] kernel name: Task1 CP 1, id: 1 is executing ...
2023-12-08 23:30:33 - [INFO] numatoms: 64
2023-12-08 23:30:33 - [INFO] gridspacing: 0.100000
2023-12-08 23:30:33 - [INFO] energygrid: 139907150381056
2023-12-08 23:30:33 - [INFO] iteration: 1
2023-12-08 23:30:33 - [INFO] kernel name: Task1 CP 2, id: 2 is executing ...
2023-12-08 23:30:33 - [INFO] numatoms: 64
2023-12-08 23:30:33 - [INFO] gridspacing: 0.100000
2023-12-08 23:30:33 - [INFO] energygrid: 139906982608896
2023-12-08 23:30:33 - [INFO] iteration: 1
2023-12-08 23:30:33 - [INFO] kernel name: Task1 CP 3, id: 3 is executing ...
2023-12-08 23:30:33 - [INFO] numatoms: 64
2023-12-08 23:30:33 - [INFO] gridspacing: 0.100000
2023-12-08 23:30:33 - [INFO] energygrid: 139906814836736
2023-12-08 23:30:33 - [INFO] iteration: 1
2023-12-08 23:30:33 - [INFO] kernel name: Task2 CP 1, id: 1 is executing ...
2023-12-08 23:30:33 - [INFO] numatoms: 64
2023-12-08 23:30:33 - [INFO] gridspacing: 0.100000
2023-12-08 23:30:33 - [INFO] energygrid: 139906647064576
2023-12-08 23:30:33 - [INFO] iteration: 1
2023-12-08 23:30:33 - [INFO] kernel name: Task2 CP 2, id: 2 is executing ...
2023-12-08 23:30:33 - [INFO] numatoms: 64
2023-12-08 23:30:33 - [INFO] gridspacing: 0.100000
2023-12-08 23:30:33 - [INFO] energygrid: 139906479292416
2023-12-08 23:30:33 - [INFO] iteration: 1
2023-12-08 23:30:33 - [INFO] kernel name: Task2 CP 3, id: 3 is executing ...
2023-12-08 23:30:33 - [INFO] numatoms: 64
2023-12-08 23:30:33 - [INFO] gridspacing: 0.100000
2023-12-08 23:30:33 - [INFO] energygrid: 139906311520256
2023-12-08 23:30:33 - [INFO] iteration: 1
2023-12-09 00:01:45 - [INFO] kernel name: Task1 CP 1, id: 1 is loading ...
2023-12-09 00:01:45 - [INFO] kernel name: Task1 CP 2, id: 2 is loading ...
2023-12-09 00:01:45 - [INFO] kernel name: Task1 CP 3, id: 3 is loading ...
2023-12-09 00:01:45 - [INFO] kernel name: Task2 CP 1, id: 1 is loading ...
2023-12-09 00:01:45 - [INFO] kernel name: Task2 CP 2, id: 2 is loading ...
2023-12-09 00:01:45 - [INFO] kernel name: Task2 CP 3, id: 3 is loading ...
2023-12-09 00:01:45 - [INFO] kernel name: Task1 CP 1, kernel time: 2.930208 ms
2023-12-09 00:01:45 - [INFO] kernel name: Task1 CP 2, kernel time: 2.926944 ms
2023-12-09 00:01:45 - [INFO] kernel name: Task1 CP 3, kernel time: 2.924544 ms
2023-12-09 00:01:45 - [INFO] kernel name: Task2 CP 1, kernel time: 2.922912 ms
2023-12-09 00:01:45 - [INFO] kernel name: Task2 CP 2, kernel time: 2.925056 ms
2023-12-09 00:01:45 - [INFO] kernel name: Task2 CP 3, kernel time: 2.923104 ms
