2023-12-09 12:33:39 - [INFO] kernel name: Task1 CP 1, id: 1 is loading ...
2023-12-09 12:33:39 - [INFO] kernel name: Task1 CP 2, id: 2 is loading ...
2023-12-09 12:33:39 - [INFO] kernel name: Task1 CP 3, id: 3 is loading ...
2023-12-09 12:33:39 - [INFO] kernel name: Task2 CP 1, id: 1 is loading ...
2023-12-09 12:33:39 - [INFO] kernel name: Task2 CP 2, id: 2 is loading ...
2023-12-09 12:33:39 - [INFO] kernel name: Task2 CP 3, id: 3 is loading ...
2023-12-09 12:33:39 - [INFO] kernel name: Task1 CP 1, kernel time: 2.926688 ms
2023-12-09 12:33:39 - [INFO] kernel name: Task1 CP 2, kernel time: 2.922048 ms
2023-12-09 12:33:39 - [INFO] kernel name: Task1 CP 3, kernel time: 2.919776 ms
2023-12-09 12:33:39 - [INFO] kernel name: Task2 CP 1, kernel time: 2.920864 ms
2023-12-09 12:33:39 - [INFO] kernel name: Task2 CP 2, kernel time: 2.918688 ms
2023-12-09 12:33:39 - [INFO] kernel name: Task2 CP 3, kernel time: 2.920352 ms
2023-12-09 12:45:57 - [INFO] CUDA init complete
2023-12-09 12:45:57 - [INFO] success load module: /home/jxdeng/workspace/tacker/runtime/cubins/ori_cp.cubin
2023-12-09 12:45:57 - [INFO] kernel name: Task1 CP 1, id: 1 is loading ...
2023-12-09 12:45:57 - [INFO] success load function: _Z6ori_cpifPfi
2023-12-09 12:45:57 - [INFO] kernel name: Task1 CP 2, id: 2 is loading ...
2023-12-09 12:45:57 - [INFO] success find function: _Z6ori_cpifPfi
2023-12-09 12:45:57 - [INFO] kernel name: Task1 CP 3, id: 3 is loading ...
2023-12-09 12:45:57 - [INFO] success find function: _Z6ori_cpifPfi
2023-12-09 12:45:57 - [INFO] kernel name: Task2 CP 1, id: 1 is loading ...
2023-12-09 12:45:57 - [INFO] success find function: _Z6ori_cpifPfi
2023-12-09 12:45:57 - [INFO] kernel name: Task2 CP 2, id: 2 is loading ...
2023-12-09 12:45:57 - [INFO] success find function: _Z6ori_cpifPfi
2023-12-09 12:45:57 - [INFO] kernel name: Task2 CP 3, id: 3 is loading ...
2023-12-09 12:45:57 - [INFO] success find function: _Z6ori_cpifPfi
2023-12-09 12:45:57 - [INFO] kernel name: Task1 CP 1, kernel time: 2.930272 ms
2023-12-09 12:45:57 - [INFO] kernel name: Task1 CP 2, kernel time: 2.921216 ms
2023-12-09 12:45:57 - [INFO] kernel name: Task1 CP 3, kernel time: 2.919904 ms
2023-12-09 12:45:57 - [INFO] kernel name: Task2 CP 1, kernel time: 2.920544 ms
2023-12-09 12:45:57 - [INFO] kernel name: Task2 CP 2, kernel time: 2.918784 ms
2023-12-09 12:45:57 - [INFO] kernel name: Task2 CP 3, kernel time: 2.918432 ms
2023-12-09 12:47:01 - [INFO] CUDA init complete
2023-12-09 12:47:01 - [INFO] success load module: /home/jxdeng/workspace/tacker/runtime/cubins/ori_cp.cubin
2023-12-09 12:47:01 - [INFO] kernel name: Task1 CP 1, id: 1 is loading ...
2023-12-09 12:47:01 - [INFO] success load function: _Z6ori_cpifPfi
2023-12-09 12:47:01 - [INFO] kernel name: Task1 CP 2, id: 2 is loading ...
2023-12-09 12:47:01 - [INFO] success find function: _Z6ori_cpifPfi
2023-12-09 12:47:01 - [INFO] kernel name: Task1 CP 3, id: 3 is loading ...
2023-12-09 12:47:01 - [INFO] success find function: _Z6ori_cpifPfi
2023-12-09 12:47:01 - [INFO] kernel name: Task2 CP 1, id: 1 is loading ...
2023-12-09 12:47:01 - [INFO] success find function: _Z6ori_cpifPfi
2023-12-09 12:47:01 - [INFO] kernel name: Task2 CP 2, id: 2 is loading ...
2023-12-09 12:47:01 - [INFO] success find function: _Z6ori_cpifPfi
2023-12-09 12:47:01 - [INFO] kernel name: Task2 CP 3, id: 3 is loading ...
2023-12-09 12:47:01 - [INFO] success find function: _Z6ori_cpifPfi
2023-12-09 12:47:01 - [INFO] kernel name: Task1 CP 1, kernel time: 2.928256 ms
2023-12-09 12:47:01 - [INFO] kernel name: Task1 CP 2, kernel time: 2.922496 ms
2023-12-09 12:47:01 - [INFO] kernel name: Task1 CP 3, kernel time: 2.924128 ms
2023-12-09 12:47:01 - [INFO] kernel name: Task2 CP 1, kernel time: 2.922432 ms
2023-12-09 12:47:01 - [INFO] kernel name: Task2 CP 2, kernel time: 2.921056 ms
2023-12-09 12:47:01 - [INFO] kernel name: Task2 CP 3, kernel time: 2.923904 ms
2023-12-11 17:04:50 - [INFO] CUDA init complete
2023-12-11 17:04:50 - [INFO] success load module: /home/jxdeng/workspace/tacker/runtime/cubins/ori_cp.cubin
2023-12-11 17:04:50 - [INFO] kernel name: Task1 CP 1, id: 1 is loading ...
2023-12-11 17:04:50 - [INFO] success load function: _Z6ori_cpifPfi
2023-12-11 17:04:50 - [INFO] kernel name: Task1 CP 2, id: 2 is loading ...
2023-12-11 17:04:50 - [INFO] success find function: _Z6ori_cpifPfi
2023-12-11 17:04:50 - [INFO] kernel name: Task1 CP 3, id: 3 is loading ...
2023-12-11 17:04:50 - [INFO] success find function: _Z6ori_cpifPfi
2023-12-11 17:04:50 - [INFO] kernel name: Task2 CP 1, id: 1 is loading ...
2023-12-11 17:04:50 - [INFO] success find function: _Z6ori_cpifPfi
2023-12-11 17:04:50 - [INFO] kernel name: Task2 CP 2, id: 2 is loading ...
2023-12-11 17:04:50 - [INFO] success find function: _Z6ori_cpifPfi
2023-12-11 17:04:50 - [INFO] kernel name: Task2 CP 3, id: 3 is loading ...
2023-12-11 17:04:50 - [INFO] success find function: _Z6ori_cpifPfi
2023-12-11 17:04:50 - [INFO] kernel name: Task1 CP 1, kernel time: 2.929152 ms
2023-12-11 17:04:50 - [INFO] kernel name: Task1 CP 2, kernel time: 2.922368 ms
2023-12-11 17:04:50 - [INFO] kernel name: Task1 CP 3, kernel time: 2.920736 ms
2023-12-11 17:04:50 - [INFO] kernel name: Task2 CP 1, kernel time: 2.923104 ms
2023-12-11 17:04:50 - [INFO] kernel name: Task2 CP 2, kernel time: 2.922880 ms
2023-12-11 17:04:50 - [INFO] kernel name: Task2 CP 3, kernel time: 2.923616 ms
2023-12-11 17:44:24 - [INFO] CUDA init complete
2023-12-11 17:44:24 - [INFO] success load module: /home/jxdeng/workspace/tacker/runtime/cubins/ori_cp.cubin
2023-12-11 17:44:24 - [INFO] success load module: /home/jxdeng/workspace/tacker/runtime/cubins/cp_fft.cubin
2023-12-11 17:44:24 - [INFO] kernel name: Task1 CP 1, id: 1 is loading ...
2023-12-11 17:44:24 - [INFO] success load function: _Z6ori_cpifPfi
2023-12-11 17:44:24 - [INFO] kernel name: Task1 CP 2, id: 2 is loading ...
2023-12-11 17:44:24 - [INFO] success find function: _Z6ori_cpifPfi
2023-12-11 17:44:24 - [INFO] kernel name: Task1 CP 3, id: 3 is loading ...
2023-12-11 17:44:24 - [INFO] success find function: _Z6ori_cpifPfi
2023-12-11 17:44:24 - [INFO] kernel name: Task2 CP 1, id: 1 is loading ...
2023-12-11 17:44:24 - [INFO] success find function: _Z6ori_cpifPfi
2023-12-11 17:44:24 - [INFO] kernel name: Task2 CP 2, id: 2 is loading ...
2023-12-11 17:44:24 - [INFO] success find function: _Z6ori_cpifPfi
2023-12-11 17:44:24 - [INFO] kernel name: Task2 CP 3, id: 3 is loading ...
2023-12-11 17:44:24 - [INFO] success find function: _Z6ori_cpifPfi
2023-12-11 17:44:24 - [INFO] kernel name: Task1 CP 1, id: 1 is executing ...
2023-12-11 17:44:24 - [INFO] -- launchGridDim: 32, 512, 1
2023-12-11 17:44:24 - [INFO] -- launchBlockDim: 16, 8, 1
2023-12-11 17:44:24 - [INFO] kernel name: Task1 CP 1, kernel time: 2.991296 ms
2023-12-11 17:44:24 - [INFO] kernel name: Task1 CP 2, id: 2 is executing ...
2023-12-11 17:44:24 - [INFO] -- launchGridDim: 32, 512, 1
2023-12-11 17:44:24 - [INFO] -- launchBlockDim: 16, 8, 1
2023-12-11 17:44:24 - [INFO] kernel name: Task1 CP 2, kernel time: 2.985600 ms
2023-12-11 17:44:24 - [INFO] kernel name: Task1 CP 3, id: 3 is executing ...
2023-12-11 17:44:24 - [INFO] -- launchGridDim: 32, 512, 1
2023-12-11 17:44:24 - [INFO] -- launchBlockDim: 16, 8, 1
2023-12-11 17:44:24 - [INFO] kernel name: Task1 CP 3, kernel time: 2.982208 ms
2023-12-11 17:44:24 - [INFO] kernel name: Task2 CP 1, id: 1 is executing ...
2023-12-11 17:44:24 - [INFO] -- launchGridDim: 32, 512, 1
2023-12-11 17:44:24 - [INFO] -- launchBlockDim: 16, 8, 1
2023-12-11 17:44:24 - [INFO] kernel name: Task2 CP 1, kernel time: 2.982240 ms
2023-12-11 17:44:24 - [INFO] kernel name: Task2 CP 2, id: 2 is executing ...
2023-12-11 17:44:24 - [INFO] -- launchGridDim: 32, 512, 1
2023-12-11 17:44:24 - [INFO] -- launchBlockDim: 16, 8, 1
2023-12-11 17:44:24 - [INFO] kernel name: Task2 CP 2, kernel time: 2.982624 ms
2023-12-11 17:44:24 - [INFO] kernel name: Task2 CP 3, id: 3 is executing ...
2023-12-11 17:44:24 - [INFO] -- launchGridDim: 32, 512, 1
2023-12-11 17:44:24 - [INFO] -- launchBlockDim: 16, 8, 1
2023-12-11 17:44:24 - [INFO] kernel name: Task2 CP 3, kernel time: 2.980832 ms
2023-12-11 18:31:02 - [INFO] CUDA init complete
2023-12-11 18:31:02 - [INFO] success load module: /home/jxdeng/workspace/tacker/runtime/cubins/ori_cp.cubin
2023-12-11 18:31:02 - [INFO] success load module: /home/jxdeng/workspace/tacker/runtime/cubins/cp_fft.cubin
2023-12-11 18:31:02 - [INFO] kernel name: Task1 CP 1, id: 1 is loading ...
2023-12-11 18:31:02 - [INFO] success load function: _Z6ori_cpifPfi
2023-12-11 18:31:02 - [INFO] kernel name: Task1 CP 2, id: 2 is loading ...
2023-12-11 18:31:02 - [INFO] success find function: _Z6ori_cpifPfi
2023-12-11 18:31:02 - [INFO] kernel name: Task1 CP 3, id: 3 is loading ...
2023-12-11 18:31:02 - [INFO] success find function: _Z6ori_cpifPfi
2023-12-11 18:31:02 - [INFO] kernel name: Task2 CP 1, id: 1 is loading ...
2023-12-11 18:31:02 - [INFO] success find function: _Z6ori_cpifPfi
2023-12-11 18:31:02 - [INFO] kernel name: Task2 CP 2, id: 2 is loading ...
2023-12-11 18:31:02 - [INFO] success find function: _Z6ori_cpifPfi
2023-12-11 18:31:02 - [INFO] kernel name: Task2 CP 3, id: 3 is loading ...
2023-12-11 18:31:02 - [INFO] success find function: _Z6ori_cpifPfi
2023-12-11 18:31:02 - [INFO] kernel name: gptb-make-cp, id: 1 is loading ...
2023-12-11 18:31:02 - [INFO] success find function: _Z6ori_cpifPfi
2023-12-11 18:31:02 - [INFO] kernel name: Task1 CP 1, kernel time: 2.932160 ms
2023-12-11 18:31:02 - [INFO] kernel name: Task1 CP 2, kernel time: 2.924960 ms
2023-12-11 18:31:02 - [INFO] kernel name: Task1 CP 3, kernel time: 2.924544 ms
2023-12-11 18:31:02 - [INFO] kernel name: Task2 CP 1, kernel time: 2.924128 ms
2023-12-11 18:31:02 - [INFO] kernel name: Task2 CP 2, kernel time: 2.923392 ms
2023-12-11 18:31:02 - [INFO] kernel name: Task2 CP 3, kernel time: 2.923840 ms
2023-12-11 18:31:02 - [INFO] kernel name: _Z16g_general_ptb_cpifPfiiiiiiiiii, kernel time: 0.077376 ms
2023-12-11 18:31:02 - [INFO] kernel name: gptb-make-cp, id: 1 is destroyed!
2023-12-11 18:33:14 - [INFO] CUDA init complete
2023-12-11 18:33:14 - [INFO] success load module: /home/jxdeng/workspace/tacker/runtime/cubins/ori_cp.cubin
2023-12-11 18:33:14 - [INFO] success load module: /home/jxdeng/workspace/tacker/runtime/cubins/cp_fft.cubin
2023-12-11 18:33:14 - [INFO] kernel name: Task1 CP 1, id: 1 is loading ...
2023-12-11 18:33:14 - [INFO] success load function: _Z6ori_cpifPfi
2023-12-11 18:33:14 - [INFO] kernel name: Task1 CP 2, id: 2 is loading ...
2023-12-11 18:33:14 - [INFO] success find function: _Z6ori_cpifPfi
2023-12-11 18:33:14 - [INFO] kernel name: Task1 CP 3, id: 3 is loading ...
2023-12-11 18:33:14 - [INFO] success find function: _Z6ori_cpifPfi
2023-12-11 18:33:14 - [INFO] kernel name: Task2 CP 1, id: 1 is loading ...
2023-12-11 18:33:14 - [INFO] success find function: _Z6ori_cpifPfi
2023-12-11 18:33:14 - [INFO] kernel name: Task2 CP 2, id: 2 is loading ...
2023-12-11 18:33:14 - [INFO] success find function: _Z6ori_cpifPfi
2023-12-11 18:33:14 - [INFO] kernel name: Task2 CP 3, id: 3 is loading ...
2023-12-11 18:33:14 - [INFO] success find function: _Z6ori_cpifPfi
2023-12-11 18:33:14 - [INFO] kernel name: gptb-make-cp, id: 1 is loading ...
2023-12-11 18:33:14 - [INFO] success find function: _Z6ori_cpifPfi
2023-12-11 18:33:14 - [INFO] kernel name: _Z16g_general_ptb_cpifPfiiiiiiiiii, id: 10 is loading ...
2023-12-11 18:33:14 - [INFO] success load function: _Z16g_general_ptb_cpifPfiiiiiiiiii
2023-12-11 18:33:14 - [INFO] kernel name: Task1 CP 1, kernel time: 2.929504 ms
2023-12-11 18:33:14 - [INFO] kernel name: Task1 CP 2, kernel time: 2.921920 ms
2023-12-11 18:33:14 - [INFO] kernel name: Task1 CP 3, kernel time: 2.922464 ms
2023-12-11 18:33:14 - [INFO] kernel name: Task2 CP 1, kernel time: 2.920896 ms
2023-12-11 18:33:14 - [INFO] kernel name: Task2 CP 2, kernel time: 2.920896 ms
2023-12-11 18:33:14 - [INFO] kernel name: Task2 CP 3, kernel time: 2.918624 ms
2023-12-11 18:34:52 - [INFO] CUDA init complete
2023-12-11 18:34:52 - [INFO] success load module: /home/jxdeng/workspace/tacker/runtime/cubins/ori_cp.cubin
2023-12-11 18:34:52 - [INFO] success load module: /home/jxdeng/workspace/tacker/runtime/cubins/cp_fft.cubin
2023-12-11 18:34:52 - [INFO] kernel name: Task1 CP 1, id: 1 is loading ...
2023-12-11 18:34:52 - [INFO] success load function: _Z6ori_cpifPfi
2023-12-11 18:34:52 - [INFO] kernel name: Task1 CP 2, id: 2 is loading ...
2023-12-11 18:34:52 - [INFO] success find function: _Z6ori_cpifPfi
2023-12-11 18:34:52 - [INFO] kernel name: Task1 CP 3, id: 3 is loading ...
2023-12-11 18:34:52 - [INFO] success find function: _Z6ori_cpifPfi
2023-12-11 18:34:52 - [INFO] kernel name: Task2 CP 1, id: 1 is loading ...
2023-12-11 18:34:52 - [INFO] success find function: _Z6ori_cpifPfi
2023-12-11 18:34:52 - [INFO] kernel name: Task2 CP 2, id: 2 is loading ...
2023-12-11 18:34:52 - [INFO] success find function: _Z6ori_cpifPfi
2023-12-11 18:34:52 - [INFO] kernel name: Task2 CP 3, id: 3 is loading ...
2023-12-11 18:34:52 - [INFO] success find function: _Z6ori_cpifPfi
2023-12-11 18:34:52 - [INFO] kernel name: gptb-make-cp, id: 1 is loading ...
2023-12-11 18:34:52 - [INFO] success find function: _Z6ori_cpifPfi
2023-12-11 18:34:52 - [INFO] kernelParams size: 4
2023-12-11 18:34:52 - [INFO] kernel name: _Z16g_general_ptb_cpifPfiiiiiiiiii, id: 10 is loading ...
2023-12-11 18:34:52 - [INFO] success load function: _Z16g_general_ptb_cpifPfiiiiiiiiii
2023-12-11 18:34:52 - [INFO] kernel name: Task1 CP 1, kernel time: 2.930784 ms
2023-12-11 18:34:52 - [INFO] kernel name: Task1 CP 2, kernel time: 2.924480 ms
2023-12-11 18:34:52 - [INFO] kernel name: Task1 CP 3, kernel time: 2.924416 ms
2023-12-11 18:34:52 - [INFO] kernel name: Task2 CP 1, kernel time: 2.922624 ms
2023-12-11 18:34:52 - [INFO] kernel name: Task2 CP 2, kernel time: 2.924128 ms
2023-12-11 18:34:52 - [INFO] kernel name: Task2 CP 3, kernel time: 2.922496 ms
2023-12-11 18:34:52 - [INFO] kernelParams size: 14
2023-12-11 18:38:59 - [INFO] CUDA init complete
2023-12-11 18:38:59 - [INFO] success load module: /home/jxdeng/workspace/tacker/runtime/cubins/ori_cp.cubin
2023-12-11 18:38:59 - [INFO] success load module: /home/jxdeng/workspace/tacker/runtime/cubins/cp_fft.cubin
2023-12-11 18:38:59 - [INFO] kernel name: Task1 CP 1, id: 1 is loading ...
2023-12-11 18:41:04 - [INFO] CUDA init complete
2023-12-11 18:41:04 - [INFO] success load module: /home/jxdeng/workspace/tacker/runtime/cubins/ori_cp.cubin
2023-12-11 18:41:04 - [INFO] success load module: /home/jxdeng/workspace/tacker/runtime/cubins/cp_fft.cubin
2023-12-11 18:41:04 - [INFO] kernel name: Task1 CP 1, id: 1 is loading ...
2023-12-11 18:41:04 - [INFO] success load function: _Z6ori_cpifPf
2023-12-11 18:41:04 - [INFO] kernel name: Task1 CP 2, id: 2 is loading ...
2023-12-11 18:41:04 - [INFO] success find function: _Z6ori_cpifPf
2023-12-11 18:41:04 - [INFO] kernel name: Task1 CP 3, id: 3 is loading ...
2023-12-11 18:41:04 - [INFO] success find function: _Z6ori_cpifPf
2023-12-11 18:41:04 - [INFO] kernel name: Task2 CP 1, id: 1 is loading ...
2023-12-11 18:41:04 - [INFO] success find function: _Z6ori_cpifPf
2023-12-11 18:41:04 - [INFO] kernel name: Task2 CP 2, id: 2 is loading ...
2023-12-11 18:41:04 - [INFO] success find function: _Z6ori_cpifPf
2023-12-11 18:41:04 - [INFO] kernel name: Task2 CP 3, id: 3 is loading ...
2023-12-11 18:41:04 - [INFO] success find function: _Z6ori_cpifPf
2023-12-11 18:41:04 - [INFO] kernel name: gptb-make-cp, id: 1 is loading ...
2023-12-11 18:41:04 - [INFO] success find function: _Z6ori_cpifPf
2023-12-11 18:41:04 - [INFO] kernelParams size: 3
2023-12-11 18:41:04 - [INFO] kernel name: _Z16g_general_ptb_cpifPfiiiiiiiiii, id: 10 is loading ...
2023-12-11 18:41:04 - [INFO] success load function: _Z16g_general_ptb_cpifPfiiiiiiiiii
2023-12-11 18:41:04 - [INFO] kernel name: Task1 CP 1, kernel time: 2.931168 ms
2023-12-11 18:41:04 - [INFO] kernel name: Task1 CP 2, kernel time: 2.923008 ms
2023-12-11 18:41:04 - [INFO] kernel name: Task1 CP 3, kernel time: 2.924064 ms
2023-12-11 18:41:04 - [INFO] kernel name: Task2 CP 1, kernel time: 2.923872 ms
2023-12-11 18:41:04 - [INFO] kernel name: Task2 CP 2, kernel time: 2.923872 ms
2023-12-11 18:41:04 - [INFO] kernel name: Task2 CP 3, kernel time: 2.924384 ms
2023-12-11 18:41:04 - [INFO] kernelParams size: 13
2023-12-11 18:41:04 - [INFO] kernel name: _Z16g_general_ptb_cpifPfiiiiiiiiii, kernel time: 12.861088 ms
2023-12-11 18:41:04 - [INFO] kernel name: gptb-make-cp, id: 1 is destroyed!
2023-12-11 18:42:53 - [INFO] CUDA init complete
2023-12-11 18:42:53 - [INFO] success load module: /home/jxdeng/workspace/tacker/runtime/cubins/ori_cp.cubin
2023-12-11 18:42:53 - [INFO] success load module: /home/jxdeng/workspace/tacker/runtime/cubins/cp_fft.cubin
2023-12-11 18:42:53 - [INFO] kernel name: Task1 CP 1, id: 1 is loading ...
2023-12-11 18:42:53 - [INFO] success load function: _Z6ori_cpifPf
2023-12-11 18:42:53 - [INFO] kernel name: Task1 CP 2, id: 2 is loading ...
2023-12-11 18:42:53 - [INFO] success find function: _Z6ori_cpifPf
2023-12-11 18:42:53 - [INFO] kernel name: Task1 CP 3, id: 3 is loading ...
2023-12-11 18:42:53 - [INFO] success find function: _Z6ori_cpifPf
2023-12-11 18:42:53 - [INFO] kernel name: Task2 CP 1, id: 1 is loading ...
2023-12-11 18:42:53 - [INFO] success find function: _Z6ori_cpifPf
2023-12-11 18:42:53 - [INFO] kernel name: Task2 CP 2, id: 2 is loading ...
2023-12-11 18:42:53 - [INFO] success find function: _Z6ori_cpifPf
2023-12-11 18:42:53 - [INFO] kernel name: Task2 CP 3, id: 3 is loading ...
2023-12-11 18:42:53 - [INFO] success find function: _Z6ori_cpifPf
2023-12-11 18:42:53 - [INFO] kernel name: gptb-make-cp, id: 1 is loading ...
2023-12-11 18:42:53 - [INFO] success find function: _Z6ori_cpifPf
2023-12-11 18:42:53 - [INFO] kernelParams size: 3
2023-12-11 18:42:53 - [INFO] kernel name: _Z16g_general_ptb_cpifPfiiiiiiiiii, id: 10 is loading ...
2023-12-11 18:42:53 - [INFO] success load function: _Z16g_general_ptb_cpifPfiiiiiiiiii
2023-12-11 18:42:53 - [INFO] kernel name: Task1 CP 1, kernel time: 2.930880 ms
2023-12-11 18:42:53 - [INFO] kernel name: Task1 CP 2, kernel time: 2.924640 ms
2023-12-11 18:42:53 - [INFO] kernel name: Task1 CP 3, kernel time: 2.925664 ms
2023-12-11 18:42:53 - [INFO] kernel name: Task2 CP 1, kernel time: 2.924544 ms
2023-12-11 18:42:53 - [INFO] kernel name: Task2 CP 2, kernel time: 2.924096 ms
2023-12-11 18:42:53 - [INFO] kernel name: Task2 CP 3, kernel time: 2.923392 ms
2023-12-11 18:42:53 - [INFO] kernelParams size: 13
2023-12-11 18:42:53 - [INFO] kernel name: _Z16g_general_ptb_cpifPfiiiiiiiiii, kernel time: 3.534496 ms
2023-12-11 18:42:53 - [INFO] kernel name: gptb-make-cp, id: 1 is destroyed!
2023-12-11 18:51:44 - [INFO] CUDA init complete
2023-12-11 18:51:44 - [INFO] success load module: /home/jxdeng/workspace/tacker/runtime/cubins/ori_cp.cubin
2023-12-11 18:51:44 - [INFO] success load module: /home/jxdeng/workspace/tacker/runtime/cubins/cp_fft.cubin
2023-12-11 18:51:44 - [INFO] kernel name: Task1 CP 1, id: 1 is loading ...
2023-12-11 18:51:44 - [INFO] success load function: _Z6ori_cpifPf
2023-12-11 18:51:44 - [INFO] kernel name: Task2 CP 1, id: 2 is loading ...
2023-12-11 18:51:44 - [INFO] success find function: _Z6ori_cpifPf
2023-12-11 18:51:44 - [INFO] kernel name: Task2 CP 2, id: 3 is loading ...
2023-12-11 18:51:44 - [INFO] success find function: _Z6ori_cpifPf
2023-12-11 18:51:44 - [INFO] kernel name: Task2 CP 3, id: 4 is loading ...
2023-12-11 18:51:44 - [INFO] success find function: _Z6ori_cpifPf
2023-12-11 18:51:44 - [INFO] kernel name: gptb-make-cp, id: 5 is loading ...
2023-12-11 18:51:44 - [INFO] success find function: _Z6ori_cpifPf
2023-12-11 18:51:44 - [INFO] kernel name: _Z16g_general_ptb_cpifPfiiiiiiiiii, id: 10 is loading ...
2023-12-11 18:51:44 - [INFO] success load function: _Z16g_general_ptb_cpifPfiiiiiiiiii
2023-12-11 18:51:44 - [INFO] kernel name: Task1 CP 1, kernel time: 2.932704 ms
2023-12-11 18:51:44 - [INFO] kernel name: Task2 CP 1, kernel time: 2.926336 ms
2023-12-11 18:51:44 - [INFO] kernel name: Task2 CP 2, kernel time: 2.924352 ms
2023-12-11 18:51:44 - [INFO] kernel name: Task2 CP 3, kernel time: 2.924192 ms
2023-12-11 18:51:44 - [INFO] kernel name: _Z16g_general_ptb_cpifPfiiiiiiiiii, kernel time: 3.516352 ms
2023-12-11 18:51:44 - [INFO] kernel name: gptb-make-cp, id: 5 is destroyed!
2023-12-11 19:51:23 - [INFO] CUDA init complete
2023-12-11 19:51:23 - [INFO] success load module: /home/jxdeng/workspace/tacker/runtime/cubins/ori_cp.cubin
2023-12-11 19:51:23 - [INFO] success load module: /home/jxdeng/workspace/tacker/runtime/cubins/cp_fft.cubin
2023-12-11 19:51:23 - [INFO] kernel name: Task1 CP 1, id: 1 is loading ...
2023-12-11 19:51:23 - [INFO] success load function: _Z6ori_cpifPf
2023-12-11 19:51:23 - [INFO] kernel name: Task2 CP 1, id: 2 is loading ...
2023-12-11 19:51:23 - [INFO] success find function: _Z6ori_cpifPf
2023-12-11 19:51:23 - [INFO] kernel name: Task2 CP 2, id: 3 is loading ...
2023-12-11 19:51:23 - [INFO] success find function: _Z6ori_cpifPf
2023-12-11 19:51:23 - [INFO] kernel name: Task2 CP 3, id: 4 is loading ...
2023-12-11 19:51:23 - [INFO] success find function: _Z6ori_cpifPf
2023-12-11 19:51:23 - [INFO] kernel name: gptb-make-cp, id: 0 is loading ...
2023-12-11 19:51:23 - [INFO] success find function: _Z6ori_cpifPf
2023-12-11 19:51:23 - [INFO] kernel name: _Z16g_general_ptb_cpifPfiiiiiiiiii, id: 12 is loading ...
2023-12-11 19:51:23 - [INFO] success load function: _Z16g_general_ptb_cpifPfiiiiiiiiii
2023-12-11 19:51:23 - [INFO] kernel name: Task1 CP 1, kernel time: 2.930848 ms
2023-12-11 19:51:23 - [INFO] kernel name: Task2 CP 1, kernel time: 2.924352 ms
2023-12-11 19:51:23 - [INFO] kernel name: Task2 CP 2, kernel time: 2.923424 ms
2023-12-11 19:51:23 - [INFO] kernel name: Task2 CP 3, kernel time: 2.923968 ms
2023-12-11 19:51:23 - [INFO] kernel name: _Z16g_general_ptb_cpifPfiiiiiiiiii, kernel time: 3.510528 ms
2023-12-11 19:51:23 - [INFO] kernel name: gptb-make-cp, id: 0 is destroyed!
2023-12-11 19:56:03 - [INFO] CUDA init complete
2023-12-11 19:56:03 - [INFO] success load module: /home/jxdeng/workspace/tacker/runtime/cubins/ori_cp.cubin
2023-12-11 19:56:03 - [INFO] success load module: /home/jxdeng/workspace/tacker/runtime/cubins/cp_fft.cubin
2023-12-11 19:56:03 - [INFO] kernel name: Task1 CP 1, id: 1 is loading ...
2023-12-11 19:56:03 - [INFO] success load function: _Z6ori_cpifPf
2023-12-11 19:56:03 - [INFO] kernel name: Task2 CP 1, id: 2 is loading ...
2023-12-11 19:56:03 - [INFO] success find function: _Z6ori_cpifPf
2023-12-11 19:56:03 - [INFO] kernel name: Task2 CP 2, id: 3 is loading ...
2023-12-11 19:56:03 - [INFO] success find function: _Z6ori_cpifPf
2023-12-11 19:56:03 - [INFO] kernel name: Task2 CP 3, id: 4 is loading ...
2023-12-11 19:56:03 - [INFO] success find function: _Z6ori_cpifPf
2023-12-11 19:56:03 - [INFO] kernel name: gptb-make-cp, id: 0 is loading ...
2023-12-11 19:56:03 - [INFO] success find function: _Z6ori_cpifPf
2023-12-11 19:56:03 - [INFO] kernel name: _Z16g_general_ptb_cpifPfiiiiiiiiii, id: 11 is loading ...
2023-12-11 19:56:03 - [INFO] success load function: _Z16g_general_ptb_cpifPfiiiiiiiiii
2023-12-11 19:56:03 - [INFO] kernel name: gptb-make-cp, id: 0 is destroyed!
2023-12-11 19:56:04 - [INFO] kernel name: Task1 CP 1, kernel time: 2.932768 ms
2023-12-11 19:56:04 - [INFO] kernel name: Task2 CP 1, kernel time: 2.926336 ms
2023-12-11 19:56:04 - [INFO] kernel name: Task2 CP 2, kernel time: 2.924576 ms
2023-12-11 19:56:04 - [INFO] kernel name: Task2 CP 3, kernel time: 2.923648 ms
2023-12-11 21:00:17 - [INFO] CUDA init complete
2023-12-11 21:00:17 - [INFO] success load module: /home/jxdeng/workspace/tacker/runtime/cubins/ori_cp.cubin
2023-12-11 21:00:17 - [INFO] success load module: /home/jxdeng/workspace/tacker/runtime/cubins/cp_fft.cubin
2023-12-11 21:00:17 - [INFO] kernel name: Task1 CP 1, id: 1 is loading ...
2023-12-11 21:00:17 - [INFO] success load function: _Z6ori_cpifPf
2023-12-11 21:00:17 - [INFO] kernel name: Task2 CP 1, id: 2 is loading ...
2023-12-11 21:00:17 - [INFO] success find function: _Z6ori_cpifPf
2023-12-11 21:00:17 - [INFO] kernel name: Task2 CP 2, id: 3 is loading ...
2023-12-11 21:00:17 - [INFO] success find function: _Z6ori_cpifPf
2023-12-11 21:00:17 - [INFO] kernel name: Task2 CP 3, id: 4 is loading ...
2023-12-11 21:00:17 - [INFO] success find function: _Z6ori_cpifPf
2023-12-11 21:00:17 - [INFO] kernel name: gptb-make-cp, id: 0 is loading ...
2023-12-11 21:00:17 - [INFO] success find function: _Z6ori_cpifPf
2023-12-11 21:00:17 - [INFO] kernel name: _Z16g_general_ptb_cpifPfiiiiiiiiii, id: 12 is loading ...
2023-12-11 21:00:17 - [INFO] success load function: _Z16g_general_ptb_cpifPfiiiiiiiiii
2023-12-11 21:00:17 - [INFO] kernel name: Task1 CP 1, kernel time: 2.931104 ms
2023-12-11 21:00:17 - [INFO] kernel name: Task2 CP 1, kernel time: 2.924800 ms
2023-12-11 21:00:17 - [INFO] kernel name: Task2 CP 2, kernel time: 2.924032 ms
2023-12-11 21:00:17 - [INFO] kernel name: Task2 CP 3, kernel time: 2.922400 ms
2023-12-11 21:00:17 - [INFO] kernel name: _Z16g_general_ptb_cpifPfiiiiiiiiii, kernel time: 3.509184 ms
2023-12-11 21:00:17 - [INFO] kernel name: gptb-make-cp, id: 0 is destroyed!
2023-12-11 21:02:55 - [INFO] CUDA init complete
2023-12-11 21:02:55 - [INFO] success load module: /home/jxdeng/workspace/tacker/runtime/cubins/ori_cp.cubin
2023-12-11 21:02:55 - [INFO] success load module: /home/jxdeng/workspace/tacker/runtime/cubins/cp_fft.cubin
2023-12-11 21:02:55 - [INFO] kernel name: Task1 CP 1, id: 1 is loading ...
2023-12-11 21:02:55 - [INFO] success load function: _Z6ori_cpifPf
2023-12-11 21:02:55 - [INFO] kernel name: Task2 CP 1, id: 2 is loading ...
2023-12-11 21:02:55 - [INFO] success find function: _Z6ori_cpifPf
2023-12-11 21:02:55 - [INFO] kernel name: Task2 CP 2, id: 3 is loading ...
2023-12-11 21:02:55 - [INFO] success find function: _Z6ori_cpifPf
2023-12-11 21:02:55 - [INFO] kernel name: Task2 CP 3, id: 4 is loading ...
2023-12-11 21:02:55 - [INFO] success find function: _Z6ori_cpifPf
2023-12-11 21:02:55 - [INFO] kernel name: gptb-make-cp, id: 0 is loading ...
2023-12-11 21:02:55 - [INFO] success find function: _Z6ori_cpifPf
2023-12-11 21:02:55 - [INFO] kernel name: _Z16g_general_ptb_cpifPfiiiiiiiiii, id: 12 is loading ...
2023-12-11 21:02:55 - [INFO] success load function: _Z16g_general_ptb_cpifPfiiiiiiiiii
2023-12-11 21:02:55 - [INFO] kernel name: Task1 CP 1, kernel time: 2.924544 ms
2023-12-11 21:02:55 - [INFO] kernel name: Task2 CP 1, kernel time: 2.925696 ms
2023-12-11 21:02:55 - [INFO] kernel name: Task2 CP 2, kernel time: 2.924288 ms
2023-12-11 21:02:55 - [INFO] kernel name: Task2 CP 3, kernel time: 2.923264 ms
2023-12-11 21:02:55 - [INFO] kernel name: _Z16g_general_ptb_cpifPfiiiiiiiiii, kernel time: 3.512512 ms
2023-12-11 21:02:55 - [INFO] kernel name: gptb-make-cp, id: 0 is destroyed!
2023-12-11 21:03:35 - [INFO] CUDA init complete
2023-12-11 21:03:35 - [INFO] success load module: /home/jxdeng/workspace/tacker/runtime/cubins/ori_cp.cubin
2023-12-11 21:03:35 - [INFO] success load module: /home/jxdeng/workspace/tacker/runtime/cubins/cp_fft.cubin
2023-12-11 21:03:35 - [INFO] kernel name: Task1 CP 1, id: 1 is loading ...
2023-12-11 21:03:35 - [INFO] success load function: _Z6ori_cpifPf
2023-12-11 21:03:35 - [INFO] kernel name: Task2 CP 1, id: 2 is loading ...
2023-12-11 21:03:35 - [INFO] success find function: _Z6ori_cpifPf
2023-12-11 21:03:35 - [INFO] kernel name: Task2 CP 2, id: 3 is loading ...
2023-12-11 21:03:35 - [INFO] success find function: _Z6ori_cpifPf
2023-12-11 21:03:35 - [INFO] kernel name: Task2 CP 3, id: 4 is loading ...
2023-12-11 21:03:35 - [INFO] success find function: _Z6ori_cpifPf
2023-12-11 21:03:35 - [INFO] kernel name: gptb-make-cp, id: 0 is loading ...
2023-12-11 21:03:35 - [INFO] success find function: _Z6ori_cpifPf
2023-12-11 21:03:35 - [INFO] kernel name: _Z16g_general_ptb_cpifPfiiiiiiiiii, id: 12 is loading ...
2023-12-11 21:03:35 - [INFO] success load function: _Z16g_general_ptb_cpifPfiiiiiiiiii
2023-12-11 21:03:35 - [INFO] kernel name: Task1 CP 1, kernel time: 2.922688 ms
2023-12-11 21:03:35 - [INFO] kernel name: Task2 CP 1, kernel time: 2.925312 ms
2023-12-11 21:03:35 - [INFO] kernel name: Task2 CP 2, kernel time: 2.924128 ms
2023-12-11 21:03:35 - [INFO] kernel name: Task2 CP 3, kernel time: 2.923872 ms
2023-12-11 21:03:35 - [INFO] kernel name: _Z16g_general_ptb_cpifPfiiiiiiiiii, kernel time: 3.509696 ms
2023-12-11 21:03:35 - [INFO] kernel name: gptb-make-cp, id: 0 is destroyed!
2023-12-11 21:04:03 - [INFO] CUDA init complete
2023-12-11 21:04:03 - [INFO] success load module: /home/jxdeng/workspace/tacker/runtime/cubins/ori_cp.cubin
2023-12-11 21:04:03 - [INFO] success load module: /home/jxdeng/workspace/tacker/runtime/cubins/cp_fft.cubin
2023-12-11 21:04:03 - [INFO] kernel name: Task1 CP 1, id: 1 is loading ...
2023-12-11 21:04:03 - [INFO] success load function: _Z6ori_cpifPf
2023-12-11 21:04:03 - [INFO] kernel name: Task2 CP 1, id: 2 is loading ...
2023-12-11 21:04:03 - [INFO] success find function: _Z6ori_cpifPf
2023-12-11 21:04:03 - [INFO] kernel name: Task2 CP 2, id: 3 is loading ...
2023-12-11 21:04:03 - [INFO] success find function: _Z6ori_cpifPf
2023-12-11 21:04:03 - [INFO] kernel name: Task2 CP 3, id: 4 is loading ...
2023-12-11 21:04:03 - [INFO] success find function: _Z6ori_cpifPf
2023-12-11 21:04:03 - [INFO] kernel name: gptb-make-cp, id: 0 is loading ...
2023-12-11 21:04:03 - [INFO] success find function: _Z6ori_cpifPf
2023-12-11 21:04:03 - [INFO] kernel name: _Z16g_general_ptb_cpifPfiiiiiiiiii, id: 12 is loading ...
2023-12-11 21:04:03 - [INFO] success load function: _Z16g_general_ptb_cpifPfiiiiiiiiii
2023-12-11 21:04:03 - [INFO] kernel name: Task1 CP 1, kernel time: 2.929792 ms
2023-12-11 21:04:03 - [INFO] kernel name: Task2 CP 1, kernel time: 2.926144 ms
2023-12-11 21:04:03 - [INFO] kernel name: Task2 CP 2, kernel time: 2.924544 ms
2023-12-11 21:04:03 - [INFO] kernel name: Task2 CP 3, kernel time: 2.924544 ms
2023-12-11 21:04:03 - [INFO] kernel name: _Z16g_general_ptb_cpifPfiiiiiiiiii, kernel time: 3.514368 ms
2023-12-11 21:04:03 - [INFO] kernel name: gptb-make-cp, id: 0 is destroyed!
2023-12-11 21:04:56 - [INFO] CUDA init complete
2023-12-11 21:04:56 - [INFO] success load module: /home/jxdeng/workspace/tacker/runtime/cubins/ori_cp.cubin
2023-12-11 21:04:56 - [INFO] success load module: /home/jxdeng/workspace/tacker/runtime/cubins/cp_fft.cubin
2023-12-11 21:04:56 - [INFO] kernel name: Task1 CP 1, id: 1 is loading ...
2023-12-11 21:04:56 - [INFO] success load function: _Z6ori_cpifPf
2023-12-11 21:04:56 - [INFO] kernel name: Task2 CP 1, id: 2 is loading ...
2023-12-11 21:04:56 - [INFO] success find function: _Z6ori_cpifPf
2023-12-11 21:04:56 - [INFO] kernel name: Task2 CP 2, id: 3 is loading ...
2023-12-11 21:04:56 - [INFO] success find function: _Z6ori_cpifPf
2023-12-11 21:04:56 - [INFO] kernel name: Task2 CP 3, id: 4 is loading ...
2023-12-11 21:04:56 - [INFO] success find function: _Z6ori_cpifPf
2023-12-11 21:04:56 - [INFO] kernel name: gptb-make-cp, id: 0 is loading ...
2023-12-11 21:04:56 - [INFO] success find function: _Z6ori_cpifPf
2023-12-11 21:04:56 - [INFO] kernel name: _Z16g_general_ptb_cpifPfiiiiiiiiii, id: 12 is loading ...
2023-12-11 21:04:56 - [INFO] success load function: _Z16g_general_ptb_cpifPfiiiiiiiiii
2023-12-11 21:04:56 - [INFO] kernel name: Task1 CP 1, kernel time: 2.922496 ms
2023-12-11 21:04:56 - [INFO] kernel name: Task2 CP 1, kernel time: 2.926144 ms
2023-12-11 21:04:56 - [INFO] kernel name: Task2 CP 2, kernel time: 2.922688 ms
2023-12-11 21:04:56 - [INFO] kernel name: Task2 CP 3, kernel time: 2.921952 ms
2023-12-11 21:04:56 - [INFO] kernel name: _Z16g_general_ptb_cpifPfiiiiiiiiii, kernel time: 3.508224 ms
2023-12-11 21:04:56 - [INFO] kernel name: gptb-make-cp, id: 0 is destroyed!
2023-12-11 21:05:56 - [INFO] CUDA init complete
2023-12-11 21:05:56 - [INFO] success load module: /home/jxdeng/workspace/tacker/runtime/cubins/ori_cp.cubin
2023-12-11 21:05:56 - [INFO] success load module: /home/jxdeng/workspace/tacker/runtime/cubins/cp_fft.cubin
2023-12-11 21:05:56 - [INFO] kernel name: Task1 CP 1, id: 1 is loading ...
2023-12-11 21:05:56 - [INFO] success load function: _Z6ori_cpifPf
2023-12-11 21:05:56 - [INFO] kernel name: Task2 CP 1, id: 2 is loading ...
2023-12-11 21:05:56 - [INFO] success find function: _Z6ori_cpifPf
2023-12-11 21:05:56 - [INFO] kernel name: Task2 CP 2, id: 3 is loading ...
2023-12-11 21:05:56 - [INFO] success find function: _Z6ori_cpifPf
2023-12-11 21:05:56 - [INFO] kernel name: Task2 CP 3, id: 4 is loading ...
2023-12-11 21:05:56 - [INFO] success find function: _Z6ori_cpifPf
2023-12-11 21:05:56 - [INFO] kernel name: gptb-make-cp, id: 0 is loading ...
2023-12-11 21:05:56 - [INFO] success find function: _Z6ori_cpifPf
2023-12-11 21:05:56 - [INFO] kernel name: _Z16g_general_ptb_cpifPfiiiiiiiiii, id: 12 is loading ...
2023-12-11 21:05:56 - [INFO] success load function: _Z16g_general_ptb_cpifPfiiiiiiiiii
2023-12-11 21:05:56 - [INFO] kernel name: gptb-make-cp, id: 0 is executing ...
2023-12-11 21:05:56 - [INFO] kernel name: Task1 CP 1, id: 1 is executing ...
2023-12-11 21:05:56 - [INFO] kernel name: Task1 CP 1, kernel time: 2.949024 ms
2023-12-11 21:05:56 - [INFO] kernel name: Task2 CP 1, id: 2 is executing ...
2023-12-11 21:05:56 - [INFO] kernel name: Task2 CP 1, kernel time: 2.944896 ms
2023-12-11 21:05:56 - [INFO] kernel name: Task2 CP 2, id: 3 is executing ...
2023-12-11 21:05:56 - [INFO] kernel name: Task2 CP 2, kernel time: 2.943296 ms
2023-12-11 21:05:56 - [INFO] kernel name: Task2 CP 3, id: 4 is executing ...
2023-12-11 21:05:56 - [INFO] kernel name: Task2 CP 3, kernel time: 2.942336 ms
2023-12-11 21:05:56 - [INFO] kernel name: _Z16g_general_ptb_cpifPfiiiiiiiiii, kernel time: 3.506720 ms
2023-12-11 21:05:56 - [INFO] kernel name: gptb-make-cp, id: 0 is destroyed!
2023-12-11 21:10:14 - [INFO] CUDA init complete
2023-12-11 21:10:14 - [INFO] success load module: /home/jxdeng/workspace/tacker/runtime/cubins/ori_cp.cubin
2023-12-11 21:10:14 - [INFO] success load module: /home/jxdeng/workspace/tacker/runtime/cubins/cp_fft.cubin
2023-12-11 21:10:14 - [INFO] kernel name: Task1 CP 1, id: 1 is loading ...
2023-12-11 21:10:14 - [INFO] success load function: _Z6ori_cpifPf
2023-12-11 21:10:14 - [INFO] kernel name: Task2 CP 1, id: 2 is loading ...
2023-12-11 21:10:14 - [INFO] success find function: _Z6ori_cpifPf
2023-12-11 21:10:14 - [INFO] kernel name: Task2 CP 2, id: 3 is loading ...
2023-12-11 21:10:14 - [INFO] success find function: _Z6ori_cpifPf
2023-12-11 21:10:14 - [INFO] kernel name: Task2 CP 3, id: 4 is loading ...
2023-12-11 21:10:14 - [INFO] success find function: _Z6ori_cpifPf
2023-12-11 21:10:14 - [INFO] kernel name: gptb-make-cp, id: 0 is loading ...
2023-12-11 21:10:14 - [INFO] success find function: _Z6ori_cpifPf
2023-12-11 21:10:14 - [INFO] kernel name: _Z16g_general_ptb_cpifPfiiiiiiiiii, id: 12 is loading ...
2023-12-11 21:10:14 - [INFO] success load function: _Z16g_general_ptb_cpifPfiiiiiiiiii
2023-12-11 21:10:14 - [INFO] kernel name: Task1 CP 1, id: 1 is executing ...
2023-12-11 21:10:14 - [INFO] kernel name: Task1 CP 1, kernel time: 2.953024 ms
2023-12-11 21:10:14 - [INFO] kernel name: Task2 CP 1, id: 2 is executing ...
2023-12-11 21:10:14 - [INFO] kernel name: Task2 CP 1, kernel time: 2.946368 ms
2023-12-11 21:10:14 - [INFO] kernel name: Task2 CP 2, id: 3 is executing ...
2023-12-11 21:10:14 - [INFO] kernel name: Task2 CP 2, kernel time: 2.944256 ms
2023-12-11 21:10:14 - [INFO] kernel name: Task2 CP 3, id: 4 is executing ...
2023-12-11 21:10:14 - [INFO] kernel name: Task2 CP 3, kernel time: 2.943840 ms
2023-12-11 21:10:14 - [INFO] kernel name: _Z16g_general_ptb_cpifPfiiiiiiiiii, kernel time: 3.512640 ms
2023-12-11 21:10:33 - [INFO] CUDA init complete
2023-12-11 21:10:33 - [INFO] success load module: /home/jxdeng/workspace/tacker/runtime/cubins/ori_cp.cubin
2023-12-11 21:10:33 - [INFO] success load module: /home/jxdeng/workspace/tacker/runtime/cubins/cp_fft.cubin
2023-12-11 21:10:33 - [INFO] kernel name: Task1 CP 1, id: 1 is loading ...
2023-12-11 21:10:33 - [INFO] success load function: _Z6ori_cpifPf
2023-12-11 21:10:33 - [INFO] kernel name: Task2 CP 1, id: 2 is loading ...
2023-12-11 21:10:33 - [INFO] success find function: _Z6ori_cpifPf
2023-12-11 21:10:33 - [INFO] kernel name: Task2 CP 2, id: 3 is loading ...
2023-12-11 21:10:33 - [INFO] success find function: _Z6ori_cpifPf
2023-12-11 21:10:33 - [INFO] kernel name: Task2 CP 3, id: 4 is loading ...
2023-12-11 21:10:33 - [INFO] success find function: _Z6ori_cpifPf
2023-12-11 21:10:33 - [INFO] kernel name: gptb-make-cp, id: 0 is loading ...
2023-12-11 21:10:33 - [INFO] success find function: _Z6ori_cpifPf
2023-12-11 21:10:33 - [INFO] kernel name: _Z16g_general_ptb_cpifPfiiiiiiiiii, id: 12 is loading ...
2023-12-11 21:10:33 - [INFO] success load function: _Z16g_general_ptb_cpifPfiiiiiiiiii
2023-12-11 21:10:33 - [INFO] kernel name: gptb-make-cp, id: 0 is executing ...
2023-12-11 21:10:33 - [INFO] kernel name: Task1 CP 1, id: 1 is executing ...
2023-12-11 21:10:33 - [INFO] kernel name: Task1 CP 1, kernel time: 2.945888 ms
2023-12-11 21:10:33 - [INFO] kernel name: Task2 CP 1, id: 2 is executing ...
2023-12-11 21:10:33 - [INFO] kernel name: Task2 CP 1, kernel time: 2.943552 ms
2023-12-11 21:10:33 - [INFO] kernel name: Task2 CP 2, id: 3 is executing ...
2023-12-11 21:10:33 - [INFO] kernel name: Task2 CP 2, kernel time: 2.944800 ms
2023-12-11 21:10:33 - [INFO] kernel name: Task2 CP 3, id: 4 is executing ...
2023-12-11 21:10:33 - [INFO] kernel name: Task2 CP 3, kernel time: 2.943616 ms
2023-12-11 21:10:33 - [INFO] kernel name: _Z16g_general_ptb_cpifPfiiiiiiiiii, kernel time: 3.508256 ms
2023-12-11 22:45:18 - [INFO] CUDA init complete
2023-12-11 22:45:18 - [INFO] success load module: /home/jxdeng/workspace/tacker/runtime/cubins/ori_cp.cubin
2023-12-11 22:45:18 - [INFO] success load module: /home/jxdeng/workspace/tacker/runtime/cubins/cp_fft.cubin
2023-12-11 22:45:18 - [INFO] kernel name: Task1 CP 1, id: 1 is loading ...
2023-12-11 22:45:18 - [INFO] success load function: _Z6ori_cpifPf
2023-12-11 22:45:18 - [INFO] kernel name: Task2 CP 1, id: 2 is loading ...
2023-12-11 22:45:18 - [INFO] success find function: _Z6ori_cpifPf
2023-12-11 22:45:18 - [INFO] kernel name: Task2 CP 2, id: 3 is loading ...
2023-12-11 22:45:18 - [INFO] success find function: _Z6ori_cpifPf
2023-12-11 22:45:18 - [INFO] kernel name: Task2 CP 3, id: 4 is loading ...
2023-12-11 22:45:18 - [INFO] success find function: _Z6ori_cpifPf
2023-12-11 22:45:18 - [INFO] kernel name: gptb-make-cp, id: 0 is loading ...
2023-12-11 22:45:18 - [INFO] success find function: _Z6ori_cpifPf
2023-12-11 22:45:18 - [INFO] kernel name: _Z16g_general_ptb_cpifPfiiiiiiiiii, id: 12 is loading ...
2023-12-11 22:45:18 - [INFO] success load function: _Z16g_general_ptb_cpifPfiiiiiiiiii
2023-12-11 22:45:18 - [INFO] kernel name: Task1 CP 1, id: 1 is executing ...
2023-12-11 22:45:18 - [INFO] kernel name: Task1 CP 1, kernel time: 2.948224 ms
2023-12-11 22:45:18 - [INFO] kernel name: Task2 CP 1, id: 2 is executing ...
2023-12-11 22:45:18 - [INFO] kernel name: Task2 CP 1, kernel time: 2.940864 ms
2023-12-11 22:45:18 - [INFO] kernel name: Task2 CP 2, id: 3 is executing ...
2023-12-11 22:45:18 - [INFO] kernel name: Task2 CP 2, kernel time: 2.940160 ms
2023-12-11 22:45:18 - [INFO] kernel name: Task2 CP 3, id: 4 is executing ...
2023-12-11 22:45:18 - [INFO] kernel name: Task2 CP 3, kernel time: 2.938944 ms
2023-12-11 22:45:18 - [INFO] kernel name: _Z16g_general_ptb_cpifPfiiiiiiiiii, kernel time: 3.501888 ms
2023-12-11 22:47:14 - [INFO] CUDA init complete
2023-12-11 22:47:14 - [INFO] success load module: /home/jxdeng/workspace/tacker/runtime/cubins/ori_cp.cubin
2023-12-11 22:47:14 - [INFO] success load module: /home/jxdeng/workspace/tacker/runtime/cubins/cp_fft.cubin
2023-12-11 22:47:14 - [INFO] kernel name: Task1 CP 1, id: 1 is loading ...
2023-12-11 22:47:14 - [INFO] success load function: _Z6ori_cpifPf
2023-12-11 22:47:14 - [INFO] kernel name: Task2 CP 1, id: 2 is loading ...
2023-12-11 22:47:14 - [INFO] success find function: _Z6ori_cpifPf
2023-12-11 22:47:14 - [INFO] kernel name: Task2 CP 2, id: 3 is loading ...
2023-12-11 22:47:14 - [INFO] success find function: _Z6ori_cpifPf
2023-12-11 22:47:14 - [INFO] kernel name: Task2 CP 3, id: 4 is loading ...
2023-12-11 22:47:14 - [INFO] success find function: _Z6ori_cpifPf
2023-12-11 22:47:14 - [INFO] kernel name: gptb-make-cp, id: 0 is loading ...
2023-12-11 22:47:14 - [INFO] success find function: _Z6ori_cpifPf
2023-12-11 22:47:14 - [INFO] kernel name: _Z16g_general_ptb_cpifPfiiiiiiiiii, id: 12 is loading ...
2023-12-11 22:47:14 - [INFO] success load function: _Z16g_general_ptb_cpifPfiiiiiiiiii
2023-12-11 22:47:14 - [INFO] kernel name: Task1 CP 1, id: 1 is executing ...
2023-12-11 22:47:14 - [INFO] kernel name: Task1 CP 1, kernel time: 2.947104 ms
2023-12-11 22:47:14 - [INFO] kernel name: Task2 CP 1, id: 2 is executing ...
2023-12-11 22:47:14 - [INFO] kernel name: Task2 CP 1, kernel time: 2.960160 ms
2023-12-11 22:47:14 - [INFO] kernel name: Task2 CP 2, id: 3 is executing ...
2023-12-11 22:47:14 - [INFO] kernel name: Task2 CP 2, kernel time: 2.939232 ms
2023-12-11 22:47:14 - [INFO] kernel name: Task2 CP 3, id: 4 is executing ...
2023-12-11 22:47:14 - [INFO] kernel name: Task2 CP 3, kernel time: 2.939712 ms
2023-12-11 22:47:14 - [INFO] kernel name: _Z16g_general_ptb_cpifPfiiiiiiiiii, kernel time: 3.502080 ms
2023-12-11 22:50:24 - [INFO] CUDA init complete
2023-12-11 22:50:24 - [INFO] success load module: /home/jxdeng/workspace/tacker/runtime/cubins/ori_cp.cubin
2023-12-11 22:50:24 - [INFO] success load module: /home/jxdeng/workspace/tacker/runtime/cubins/cp_fft.cubin
2023-12-11 22:50:24 - [INFO] kernel name: Task1 CP 1, id: 1 is loading ...
2023-12-11 22:50:24 - [INFO] success load function: _Z6ori_cpifPf
2023-12-11 22:50:24 - [INFO] kernel name: Task2 CP 1, id: 2 is loading ...
2023-12-11 22:50:24 - [INFO] success find function: _Z6ori_cpifPf
2023-12-11 22:50:24 - [INFO] kernel name: Task2 CP 2, id: 3 is loading ...
2023-12-11 22:50:24 - [INFO] success find function: _Z6ori_cpifPf
2023-12-11 22:50:24 - [INFO] kernel name: Task2 CP 3, id: 4 is loading ...
2023-12-11 22:50:24 - [INFO] success find function: _Z6ori_cpifPf
2023-12-11 22:50:24 - [INFO] kernel name: gptb-make-cp, id: 0 is loading ...
2023-12-11 22:50:24 - [INFO] success find function: _Z6ori_cpifPf
2023-12-11 22:50:24 - [INFO] kernel name: _Z16g_general_ptb_cpifPfiiiiiiiiii, id: 12 is loading ...
2023-12-11 22:50:24 - [INFO] success load function: _Z16g_general_ptb_cpifPfiiiiiiiiii
2023-12-11 22:50:24 - [INFO] kernel name: Task1 CP 1, id: 1 is executing ...
2023-12-11 22:50:24 - [INFO] kernel name: Task1 CP 1, kernel time: 2.952000 ms
2023-12-11 22:50:24 - [INFO] kernel name: Task2 CP 1, id: 2 is executing ...
2023-12-11 22:50:24 - [INFO] kernel name: Task2 CP 1, kernel time: 2.943200 ms
2023-12-11 22:50:24 - [INFO] kernel name: Task2 CP 2, id: 3 is executing ...
2023-12-11 22:50:24 - [INFO] kernel name: Task2 CP 2, kernel time: 2.941216 ms
2023-12-11 22:50:24 - [INFO] kernel name: Task2 CP 3, id: 4 is executing ...
2023-12-11 22:50:24 - [INFO] kernel name: Task2 CP 3, kernel time: 2.940384 ms
2023-12-11 22:50:24 - [INFO] kernel name: _Z16g_general_ptb_cpifPfiiiiiiiiii, kernel time: 3.506528 ms
2023-12-11 22:51:42 - [INFO] CUDA init complete
2023-12-11 22:51:42 - [INFO] success load module: /home/jxdeng/workspace/tacker/runtime/cubins/ori_cp.cubin
2023-12-11 22:51:42 - [INFO] success load module: /home/jxdeng/workspace/tacker/runtime/cubins/cp_fft.cubin
2023-12-11 22:51:42 - [INFO] kernel name: Task1 CP 1, id: 1 is loading ...
2023-12-11 22:51:42 - [INFO] success load function: _Z6ori_cpifPf
2023-12-11 22:51:42 - [INFO] kernel name: Task2 CP 1, id: 2 is loading ...
2023-12-11 22:51:42 - [INFO] success find function: _Z6ori_cpifPf
2023-12-11 22:51:42 - [INFO] kernel name: Task2 CP 2, id: 3 is loading ...
2023-12-11 22:51:42 - [INFO] success find function: _Z6ori_cpifPf
2023-12-11 22:51:42 - [INFO] kernel name: Task2 CP 3, id: 4 is loading ...
2023-12-11 22:51:42 - [INFO] success find function: _Z6ori_cpifPf
2023-12-11 22:51:42 - [INFO] kernel name: gptb-make-cp, id: 0 is loading ...
2023-12-11 22:51:42 - [INFO] success find function: _Z6ori_cpifPf
2023-12-11 22:51:42 - [INFO] kernel name: _Z16g_general_ptb_cpifPfiiiiiiiiii, id: 12 is loading ...
2023-12-11 22:51:42 - [INFO] success load function: _Z16g_general_ptb_cpifPfiiiiiiiiii
2023-12-11 22:51:42 - [INFO] kernel name: Task1 CP 1, id: 1 is executing ...
2023-12-11 22:51:42 - [INFO] kernel name: Task1 CP 1, kernel time: 2.951552 ms
2023-12-11 22:51:42 - [INFO] kernel name: Task2 CP 1, id: 2 is executing ...
2023-12-11 22:51:42 - [INFO] kernel name: Task2 CP 1, kernel time: 2.943200 ms
2023-12-11 22:51:42 - [INFO] kernel name: Task2 CP 2, id: 3 is executing ...
2023-12-11 22:51:42 - [INFO] kernel name: Task2 CP 2, kernel time: 2.941792 ms
2023-12-11 22:51:42 - [INFO] kernel name: Task2 CP 3, id: 4 is executing ...
2023-12-11 22:51:42 - [INFO] kernel name: Task2 CP 3, kernel time: 2.954112 ms
2023-12-11 22:51:42 - [INFO] kernel name: _Z16g_general_ptb_cpifPfiiiiiiiiii, kernel time: 3.510112 ms
2023-12-11 22:54:53 - [INFO] CUDA init complete
2023-12-11 22:54:53 - [INFO] success load module: /home/jxdeng/workspace/tacker/runtime/cubins/ori_cp.cubin
2023-12-11 22:54:53 - [INFO] success load module: /home/jxdeng/workspace/tacker/runtime/cubins/cp_fft.cubin
2023-12-11 22:54:53 - [INFO] kernel name: Task1 CP 1, id: 1 is loading ...
2023-12-11 22:54:53 - [INFO] success load function: _Z6ori_cpifPf
2023-12-11 22:54:53 - [INFO] kernel name: Task2 CP 1, id: 2 is loading ...
2023-12-11 22:54:53 - [INFO] success find function: _Z6ori_cpifPf
2023-12-11 22:54:53 - [INFO] kernel name: Task2 CP 2, id: 3 is loading ...
2023-12-11 22:54:53 - [INFO] success find function: _Z6ori_cpifPf
2023-12-11 22:54:53 - [INFO] kernel name: Task2 CP 3, id: 4 is loading ...
2023-12-11 22:54:53 - [INFO] success find function: _Z6ori_cpifPf
2023-12-11 22:54:53 - [INFO] kernel name: gptb-make-cp, id: 0 is loading ...
2023-12-11 22:54:53 - [INFO] success find function: _Z6ori_cpifPf
2023-12-11 22:54:53 - [INFO] kernel name: _Z16g_general_ptb_cpifPfiiiiiiiiii, id: 12 is loading ...
2023-12-11 22:54:53 - [INFO] success load function: _Z16g_general_ptb_cpifPfiiiiiiiiii
2023-12-11 22:54:53 - [INFO] kernel name: Task1 CP 1, id: 1 is executing ...
2023-12-11 22:54:53 - [INFO] kernel name: Task1 CP 1, kernel time: 2.947808 ms
2023-12-11 22:54:53 - [INFO] kernel name: Task2 CP 1, id: 2 is executing ...
2023-12-11 22:54:53 - [INFO] kernel name: Task2 CP 1, kernel time: 2.939872 ms
2023-12-11 22:54:53 - [INFO] kernel name: Task2 CP 2, id: 3 is executing ...
2023-12-11 22:54:53 - [INFO] kernel name: Task2 CP 2, kernel time: 2.940800 ms
2023-12-11 22:54:53 - [INFO] kernel name: Task2 CP 3, id: 4 is executing ...
2023-12-11 22:54:53 - [INFO] kernel name: Task2 CP 3, kernel time: 2.939520 ms
2023-12-11 22:54:53 - [INFO] kernel name: _Z16g_general_ptb_cpifPfiiiiiiiiii, kernel time: 3.502944 ms
2023-12-11 22:54:53 - [INFO] task name: Task3, id: 3 is destroyed!
2023-12-11 22:54:53 - [INFO] task name: Task2, id: 2 is destroyed!
2023-12-11 22:54:53 - [INFO] task name: Task1, id: 1 is destroyed!
2023-12-11 22:57:01 - [INFO] CUDA init complete
2023-12-11 22:57:01 - [INFO] success load module: /home/jxdeng/workspace/tacker/runtime/cubins/ori_cp.cubin
2023-12-11 22:57:01 - [INFO] success load module: /home/jxdeng/workspace/tacker/runtime/cubins/cp_fft.cubin
2023-12-11 22:57:01 - [INFO] kernel name: Task1 CP 1, id: 1 is loading ...
2023-12-11 22:57:01 - [INFO] success load function: _Z6ori_cpifPf
2023-12-11 22:57:01 - [INFO] kernel name: Task2 CP 1, id: 2 is loading ...
2023-12-11 22:57:01 - [INFO] success find function: _Z6ori_cpifPf
2023-12-11 22:57:01 - [INFO] kernel name: Task2 CP 2, id: 3 is loading ...
2023-12-11 22:57:01 - [INFO] success find function: _Z6ori_cpifPf
2023-12-11 22:57:01 - [INFO] kernel name: Task2 CP 3, id: 4 is loading ...
2023-12-11 22:57:01 - [INFO] success find function: _Z6ori_cpifPf
2023-12-11 22:57:01 - [INFO] kernel name: gptb-make-cp, id: 0 is loading ...
2023-12-11 22:57:01 - [INFO] success find function: _Z6ori_cpifPf
2023-12-11 22:57:01 - [INFO] kernel name: _Z16g_general_ptb_cpifPfiiiiiiiiii, id: 12 is loading ...
2023-12-11 22:57:01 - [INFO] success load function: _Z16g_general_ptb_cpifPfiiiiiiiiii
2023-12-11 22:57:01 - [INFO] kernel name: Task1 CP 1, id: 1 is executing ...
2023-12-11 22:57:01 - [INFO] kernel name: Task1 CP 1, kernel time: 2.951328 ms
2023-12-11 22:57:01 - [INFO] kernel name: Task2 CP 1, id: 2 is executing ...
2023-12-11 22:57:01 - [INFO] kernel name: Task2 CP 1, kernel time: 2.955648 ms
2023-12-11 22:57:01 - [INFO] kernel name: Task2 CP 2, id: 3 is executing ...
2023-12-11 22:57:01 - [INFO] kernel name: Task2 CP 2, kernel time: 2.942976 ms
2023-12-11 22:57:01 - [INFO] kernel name: Task2 CP 3, id: 4 is executing ...
2023-12-11 22:57:01 - [INFO] kernel name: Task2 CP 3, kernel time: 2.943392 ms
2023-12-11 22:57:01 - [INFO] kernel name: _Z16g_general_ptb_cpifPfiiiiiiiiii, kernel time: 3.510240 ms
2023-12-11 22:57:01 - [INFO] task name: Task3, id: 3 is destroyed!
2023-12-11 22:57:01 - [INFO] task name: Task2, id: 2 is destroyed!
2023-12-11 22:57:01 - [INFO] task name: Task1, id: 1 is destroyed!
2023-12-11 23:00:48 - [INFO] CUDA init complete
2023-12-11 23:00:48 - [INFO] success load module: /home/jxdeng/workspace/tacker/runtime/cubins/ori_cp.cubin
2023-12-11 23:00:48 - [INFO] success load module: /home/jxdeng/workspace/tacker/runtime/cubins/cp_fft.cubin
2023-12-11 23:00:48 - [INFO] kernel name: Task1 CP 1, id: 1 is loading ...
2023-12-11 23:00:48 - [INFO] success load function: _Z6ori_cpifPf
2023-12-11 23:00:48 - [INFO] kernel name: Task2 CP 1, id: 2 is loading ...
2023-12-11 23:00:48 - [INFO] success find function: _Z6ori_cpifPf
2023-12-11 23:00:48 - [INFO] kernel name: Task2 CP 2, id: 3 is loading ...
2023-12-11 23:00:48 - [INFO] success find function: _Z6ori_cpifPf
2023-12-11 23:00:48 - [INFO] kernel name: Task2 CP 3, id: 4 is loading ...
2023-12-11 23:00:48 - [INFO] success find function: _Z6ori_cpifPf
2023-12-11 23:00:48 - [INFO] kernel name: gptb-make-cp, id: 0 is loading ...
2023-12-11 23:00:48 - [INFO] success find function: _Z6ori_cpifPf
2023-12-11 23:00:48 - [INFO] kernel name: _Z16g_general_ptb_cpifPfiiiiiiiiii, id: 12 is loading ...
2023-12-11 23:00:48 - [INFO] success load function: _Z16g_general_ptb_cpifPfiiiiiiiiii
2023-12-11 23:00:48 - [INFO] kernel name: Task1 CP 1, id: 1 is executing ...
2023-12-11 23:00:48 - [INFO] kernel name: Task1 CP 1, kernel time: 2.951360 ms
2023-12-11 23:00:48 - [INFO] kernel name: Task2 CP 1, id: 2 is executing ...
2023-12-11 23:00:48 - [INFO] kernel name: Task2 CP 1, kernel time: 2.945024 ms
2023-12-11 23:00:48 - [INFO] kernel name: Task2 CP 2, id: 3 is executing ...
2023-12-11 23:00:48 - [INFO] kernel name: Task2 CP 2, kernel time: 2.943168 ms
2023-12-11 23:00:48 - [INFO] kernel name: Task2 CP 3, id: 4 is executing ...
2023-12-11 23:00:48 - [INFO] kernel name: Task2 CP 3, kernel time: 2.942976 ms
2023-12-11 23:00:48 - [INFO] kernel name: _Z16g_general_ptb_cpifPfiiiiiiiiii, kernel time: 3.512448 ms
2023-12-11 23:00:48 - [INFO] task name: Task3, id: 3 is destroyed!
2023-12-11 23:00:48 - [INFO] task name: Task2, id: 2 is destroyed!
2023-12-11 23:00:48 - [INFO] task name: Task1, id: 1 is destroyed!
2023-12-11 23:00:48 - [INFO] TaskManager is destroyed!
2023-12-11 23:07:54 - [INFO] CUDA init complete
2023-12-11 23:07:54 - [INFO] success load module: /home/jxdeng/workspace/tacker/runtime/cubins/ori_cp.cubin
2023-12-11 23:07:54 - [INFO] success load module: /home/jxdeng/workspace/tacker/runtime/cubins/cp_fft.cubin
2023-12-11 23:07:54 - [INFO] kernel name: Task1 CP 1, id: 1 is loading ...
2023-12-11 23:07:54 - [INFO] success load function: _Z6ori_cpifPf
2023-12-11 23:07:54 - [INFO] kernel name: Task2 CP 1, id: 2 is loading ...
2023-12-11 23:07:54 - [INFO] success find function: _Z6ori_cpifPf
2023-12-11 23:07:54 - [INFO] kernel name: Task2 CP 2, id: 3 is loading ...
2023-12-11 23:07:54 - [INFO] success find function: _Z6ori_cpifPf
2023-12-11 23:07:54 - [INFO] kernel name: Task2 CP 3, id: 4 is loading ...
2023-12-11 23:07:54 - [INFO] success find function: _Z6ori_cpifPf
2023-12-11 23:07:54 - [INFO] kernel name: gptb-make-cp, id: 0 is loading ...
2023-12-11 23:07:54 - [INFO] success find function: _Z6ori_cpifPf
2023-12-11 23:07:54 - [INFO] kernel name: _Z16g_general_ptb_cpifPfiiiiiiiiii, id: 12 is loading ...
2023-12-11 23:07:54 - [INFO] success load function: _Z16g_general_ptb_cpifPfiiiiiiiiii
2023-12-11 23:07:54 - [INFO] kernel name: gptb-make-cp, id: 0 is destroyed!
2023-12-11 23:07:54 - [INFO] kernel name: Task1 CP 1, id: 1 is executing ...
2023-12-11 23:07:54 - [INFO] kernel name: Task1 CP 1, kernel time: 2.953280 ms
2023-12-11 23:07:54 - [INFO] kernel name: Task1 CP 1, id: 1 is destroyed!
2023-12-11 23:07:54 - [INFO] kernel name: Task2 CP 1, id: 2 is executing ...
2023-12-11 23:07:54 - [INFO] kernel name: Task2 CP 1, kernel time: 2.951168 ms
2023-12-11 23:07:54 - [INFO] kernel name: Task2 CP 1, id: 2 is destroyed!
2023-12-11 23:07:54 - [INFO] kernel name: Task2 CP 2, id: 3 is executing ...
2023-12-11 23:07:54 - [INFO] kernel name: Task2 CP 2, kernel time: 2.950848 ms
2023-12-11 23:07:54 - [INFO] kernel name: Task2 CP 2, id: 3 is destroyed!
2023-12-11 23:07:54 - [INFO] kernel name: Task2 CP 3, id: 4 is executing ...
2023-12-11 23:07:54 - [INFO] kernel name: Task2 CP 3, kernel time: 2.949184 ms
2023-12-11 23:07:54 - [INFO] kernel name: Task2 CP 3, id: 4 is destroyed!
2023-12-11 23:12:39 - [INFO] CUDA init complete
2023-12-11 23:12:39 - [INFO] success load module: /home/jxdeng/workspace/tacker/runtime/cubins/ori_cp.cubin
2023-12-11 23:12:39 - [INFO] success load module: /home/jxdeng/workspace/tacker/runtime/cubins/cp_fft.cubin
2023-12-11 23:12:39 - [INFO] kernel name: Task1 CP 1, id: 1 is loading ...
2023-12-11 23:12:39 - [INFO] success load function: _Z6ori_cpifPf
2023-12-11 23:12:39 - [INFO] kernel name: Task2 CP 1, id: 2 is loading ...
2023-12-11 23:12:39 - [INFO] success find function: _Z6ori_cpifPf
2023-12-11 23:12:39 - [INFO] kernel name: Task2 CP 2, id: 3 is loading ...
2023-12-11 23:12:39 - [INFO] success find function: _Z6ori_cpifPf
2023-12-11 23:12:39 - [INFO] kernel name: Task2 CP 3, id: 4 is loading ...
2023-12-11 23:12:39 - [INFO] success find function: _Z6ori_cpifPf
2023-12-11 23:12:39 - [INFO] kernel name: gptb-make-cp, id: 0 is loading ...
2023-12-11 23:12:39 - [INFO] success find function: _Z6ori_cpifPf
2023-12-11 23:12:39 - [INFO] kernel name: _Z16g_general_ptb_cpifPfiiiiiiiiii, id: 12 is loading ...
2023-12-11 23:12:39 - [INFO] success load function: _Z16g_general_ptb_cpifPfiiiiiiiiii
2023-12-11 23:12:39 - [INFO] [OriCPKernel] id: 0 is destroyed!
2023-12-11 23:12:39 - [INFO] kernel name: Task1 CP 1, id: 1 is executing ...
2023-12-11 23:12:39 - [INFO] kernel name: Task1 CP 1, kernel time: 2.956320 ms
2023-12-11 23:12:39 - [INFO] [OriCPKernel] id: 1 is destroyed!
2023-12-11 23:12:39 - [INFO] kernel name: Task2 CP 1, id: 2 is executing ...
2023-12-11 23:12:39 - [INFO] kernel name: Task2 CP 1, kernel time: 2.949216 ms
2023-12-11 23:12:39 - [INFO] [OriCPKernel] id: 2 is destroyed!
2023-12-11 23:12:39 - [INFO] kernel name: Task2 CP 2, id: 3 is executing ...
2023-12-11 23:12:39 - [INFO] kernel name: Task2 CP 2, kernel time: 2.949120 ms
2023-12-11 23:12:39 - [INFO] [OriCPKernel] id: 3 is destroyed!
2023-12-11 23:12:39 - [INFO] kernel name: Task2 CP 3, id: 4 is executing ...
2023-12-11 23:12:39 - [INFO] kernel name: Task2 CP 3, kernel time: 2.949120 ms
2023-12-11 23:12:39 - [INFO] [OriCPKernel] id: 4 is destroyed!
2023-12-11 23:15:23 - [INFO] CUDA init complete
2023-12-11 23:15:23 - [INFO] success load module: /home/jxdeng/workspace/tacker/runtime/cubins/ori_cp.cubin
2023-12-11 23:15:23 - [INFO] success load module: /home/jxdeng/workspace/tacker/runtime/cubins/cp_fft.cubin
2023-12-11 23:15:23 - [INFO] kernel name: Task1 CP 1, id: 1 is loading ...
2023-12-11 23:15:23 - [INFO] success load function: _Z6ori_cpifPf
2023-12-11 23:15:23 - [INFO] kernel name: Task2 CP 1, id: 2 is loading ...
2023-12-11 23:15:23 - [INFO] success find function: _Z6ori_cpifPf
2023-12-11 23:15:23 - [INFO] kernel name: Task2 CP 2, id: 3 is loading ...
2023-12-11 23:15:23 - [INFO] success find function: _Z6ori_cpifPf
2023-12-11 23:15:23 - [INFO] kernel name: Task2 CP 3, id: 4 is loading ...
2023-12-11 23:15:23 - [INFO] success find function: _Z6ori_cpifPf
2023-12-11 23:15:23 - [INFO] kernel name: gptb-make-cp, id: 0 is loading ...
2023-12-11 23:15:23 - [INFO] success find function: _Z6ori_cpifPf
2023-12-11 23:15:23 - [INFO] kernel name: _Z16g_general_ptb_cpifPfiiiiiiiiii, id: 12 is loading ...
2023-12-11 23:15:23 - [INFO] success load function: _Z16g_general_ptb_cpifPfiiiiiiiiii
2023-12-11 23:15:23 - [INFO] [OriCPKernel] id: 0 is destroyed!
2023-12-11 23:15:23 - [INFO] kernel name: Task1 CP 1, id: 1 is executing ...
2023-12-11 23:15:23 - [INFO] kernel name: Task1 CP 1, kernel time: 2.955264 ms
2023-12-11 23:15:23 - [INFO] [OriCPKernel] id: 1 is destroyed!
2023-12-11 23:15:23 - [INFO] kernel name: Task2 CP 1, id: 2 is executing ...
2023-12-11 23:15:23 - [INFO] kernel name: Task2 CP 1, kernel time: 2.947072 ms
2023-12-11 23:15:23 - [INFO] [OriCPKernel] id: 2 is destroyed!
2023-12-11 23:15:23 - [INFO] kernel name: Task2 CP 2, id: 3 is executing ...
2023-12-11 23:15:23 - [INFO] kernel name: Task2 CP 2, kernel time: 2.946976 ms
2023-12-11 23:15:23 - [INFO] [OriCPKernel] id: 3 is destroyed!
2023-12-11 23:15:23 - [INFO] kernel name: Task2 CP 3, id: 4 is executing ...
2023-12-11 23:15:23 - [INFO] kernel name: Task2 CP 3, kernel time: 2.945696 ms
2023-12-11 23:15:23 - [INFO] [OriCPKernel] id: 4 is destroyed!
2023-12-11 23:16:46 - [INFO] CUDA init complete
2023-12-11 23:16:46 - [INFO] success load module: /home/jxdeng/workspace/tacker/runtime/cubins/ori_cp.cubin
2023-12-11 23:16:46 - [INFO] success load module: /home/jxdeng/workspace/tacker/runtime/cubins/cp_fft.cubin
2023-12-11 23:16:46 - [INFO] kernel name: Task1 CP 1, id: 1 is loading ...
2023-12-11 23:16:46 - [INFO] success load function: _Z6ori_cpifPf
2023-12-11 23:16:46 - [INFO] kernel name: Task2 CP 1, id: 2 is loading ...
2023-12-11 23:16:46 - [INFO] success find function: _Z6ori_cpifPf
2023-12-11 23:16:46 - [INFO] kernel name: Task2 CP 2, id: 3 is loading ...
2023-12-11 23:16:46 - [INFO] success find function: _Z6ori_cpifPf
2023-12-11 23:16:46 - [INFO] kernel name: Task2 CP 3, id: 4 is loading ...
2023-12-11 23:16:46 - [INFO] success find function: _Z6ori_cpifPf
2023-12-11 23:16:46 - [INFO] kernel name: gptb-make-cp, id: 0 is loading ...
2023-12-11 23:16:46 - [INFO] success find function: _Z6ori_cpifPf
2023-12-11 23:16:46 - [INFO] kernel name: _Z16g_general_ptb_cpifPfiiiiiiiiii, id: 12 is loading ...
2023-12-11 23:16:46 - [INFO] success load function: _Z16g_general_ptb_cpifPfiiiiiiiiii
2023-12-11 23:16:46 - [INFO] kernel name: Task1 CP 1, id: 1 is executing ...
2023-12-11 23:16:46 - [INFO] kernel name: Task1 CP 1, kernel time: 2.951328 ms
2023-12-11 23:16:46 - [INFO] [OriCPKernel] id: 1 is destroyed!
2023-12-11 23:16:46 - [INFO] kernel name: Task2 CP 1, id: 2 is executing ...
2023-12-11 23:16:46 - [INFO] kernel name: Task2 CP 1, kernel time: 2.948512 ms
2023-12-11 23:16:46 - [INFO] [OriCPKernel] id: 2 is destroyed!
2023-12-11 23:16:46 - [INFO] kernel name: Task2 CP 2, id: 3 is executing ...
2023-12-11 23:16:46 - [INFO] kernel name: Task2 CP 2, kernel time: 2.946624 ms
2023-12-11 23:16:46 - [INFO] [OriCPKernel] id: 3 is destroyed!
2023-12-11 23:16:46 - [INFO] kernel name: Task2 CP 3, id: 4 is executing ...
2023-12-11 23:16:46 - [INFO] kernel name: Task2 CP 3, kernel time: 2.947328 ms
2023-12-11 23:16:46 - [INFO] [OriCPKernel] id: 4 is destroyed!
2023-12-11 23:16:46 - [INFO] kernel name: _Z16g_general_ptb_cpifPfiiiiiiiiii, kernel time: 3.513824 ms
2023-12-11 23:16:46 - [INFO] kernel name: _Z16g_general_ptb_cpifPfiiiiiiiiii, id: 12 is destroyed!
2023-12-11 23:16:46 - [INFO] [OriCPKernel] id: 0 is destroyed!
2023-12-11 23:16:46 - [INFO] task name: Task3, id: 3 is destroyed!
2023-12-11 23:16:46 - [INFO] task name: Task2, id: 2 is destroyed!
2023-12-11 23:16:46 - [INFO] task name: Task1, id: 1 is destroyed!
2023-12-11 23:16:46 - [INFO] TaskManager is destroyed!
2023-12-11 23:18:08 - [INFO] CUDA init complete
2023-12-11 23:18:08 - [INFO] success load module: /home/jxdeng/workspace/tacker/runtime/cubins/ori_cp.cubin
2023-12-11 23:18:08 - [INFO] success load module: /home/jxdeng/workspace/tacker/runtime/cubins/cp_fft.cubin
2023-12-11 23:18:08 - [INFO] kernel name: Task1 CP 1, id: 1 is loading ...
2023-12-11 23:18:08 - [INFO] success load function: _Z6ori_cpifPf
2023-12-11 23:18:08 - [INFO] kernel name: Task2 CP 1, id: 2 is loading ...
2023-12-11 23:18:08 - [INFO] success find function: _Z6ori_cpifPf
2023-12-11 23:18:08 - [INFO] kernel name: Task2 CP 2, id: 3 is loading ...
2023-12-11 23:18:08 - [INFO] success find function: _Z6ori_cpifPf
2023-12-11 23:18:08 - [INFO] kernel name: Task2 CP 3, id: 4 is loading ...
2023-12-11 23:18:08 - [INFO] success find function: _Z6ori_cpifPf
2023-12-11 23:18:08 - [INFO] kernel name: gptb-make-cp, id: 0 is loading ...
2023-12-11 23:18:08 - [INFO] success find function: _Z6ori_cpifPf
2023-12-11 23:18:08 - [INFO] kernel name: _Z16g_general_ptb_cpifPfiiiiiiiiii, id: 12 is loading ...
2023-12-11 23:18:08 - [INFO] success load function: _Z16g_general_ptb_cpifPfiiiiiiiiii
2023-12-11 23:18:08 - [INFO] kernel name: Task1 CP 1, id: 1 is executing ...
2023-12-11 23:18:08 - [INFO] kernel name: Task1 CP 1, kernel time: 2.950688 ms
2023-12-11 23:18:08 - [INFO] [OriCPKernel] id: 1 is destroyed!
2023-12-11 23:18:08 - [INFO] kernel name: Task2 CP 1, id: 2 is executing ...
2023-12-11 23:18:08 - [INFO] kernel name: Task2 CP 1, kernel time: 2.949120 ms
2023-12-11 23:18:08 - [INFO] [OriCPKernel] id: 2 is destroyed!
2023-12-11 23:18:08 - [INFO] kernel name: Task2 CP 2, id: 3 is executing ...
2023-12-11 23:18:08 - [INFO] kernel name: Task2 CP 2, kernel time: 2.948896 ms
2023-12-11 23:18:08 - [INFO] [OriCPKernel] id: 3 is destroyed!
2023-12-11 23:18:08 - [INFO] kernel name: Task2 CP 3, id: 4 is executing ...
2023-12-11 23:18:08 - [INFO] kernel name: Task2 CP 3, kernel time: 2.947424 ms
2023-12-11 23:18:08 - [INFO] [OriCPKernel] id: 4 is destroyed!
2023-12-11 23:18:08 - [INFO] kernel name: _Z16g_general_ptb_cpifPfiiiiiiiiii, kernel time: 3.522944 ms
2023-12-11 23:18:08 - [INFO] kernel name: _Z16g_general_ptb_cpifPfiiiiiiiiii, id: 12 is destroyed!
2023-12-11 23:18:08 - [INFO] [OriCPKernel] id: 0 is destroyed!
2023-12-11 23:18:08 - [INFO] task name: Task3, id: 3 is destroyed!
2023-12-11 23:18:08 - [INFO] task name: Task2, id: 2 is destroyed!
2023-12-11 23:18:08 - [INFO] task name: Task1, id: 1 is destroyed!
2023-12-11 23:18:08 - [INFO] TaskManager is destroyed!
2023-12-11 23:19:06 - [INFO] CUDA init complete
2023-12-11 23:19:06 - [INFO] success load module: /home/jxdeng/workspace/tacker/runtime/cubins/ori_cp.cubin
2023-12-11 23:19:06 - [INFO] success load module: /home/jxdeng/workspace/tacker/runtime/cubins/cp_fft.cubin
2023-12-11 23:19:06 - [INFO] kernel name: Task1 CP 1, id: 1 is loading ...
2023-12-11 23:19:06 - [INFO] success load function: _Z6ori_cpifPf
2023-12-11 23:19:06 - [INFO] kernel name: Task2 CP 1, id: 2 is loading ...
2023-12-11 23:19:06 - [INFO] success find function: _Z6ori_cpifPf
2023-12-11 23:19:06 - [INFO] kernel name: Task2 CP 2, id: 3 is loading ...
2023-12-11 23:19:06 - [INFO] success find function: _Z6ori_cpifPf
2023-12-11 23:19:06 - [INFO] kernel name: Task2 CP 3, id: 4 is loading ...
2023-12-11 23:19:06 - [INFO] success find function: _Z6ori_cpifPf
2023-12-11 23:19:06 - [INFO] kernel name: gptb-make-cp, id: 5 is loading ...
2023-12-11 23:19:06 - [INFO] success find function: _Z6ori_cpifPf
2023-12-11 23:19:06 - [INFO] kernel name: _Z16g_general_ptb_cpifPfiiiiiiiiii, id: 6 is loading ...
2023-12-11 23:19:06 - [INFO] success load function: _Z16g_general_ptb_cpifPfiiiiiiiiii
2023-12-11 23:19:06 - [INFO] kernel name: Task1 CP 1, id: 1 is executing ...
2023-12-11 23:19:06 - [INFO] kernel name: Task1 CP 1, kernel time: 2.949696 ms
2023-12-11 23:19:06 - [INFO] [OriCPKernel] id: 1 is destroyed!
2023-12-11 23:19:06 - [INFO] kernel name: Task2 CP 1, id: 2 is executing ...
2023-12-11 23:19:06 - [INFO] kernel name: Task2 CP 1, kernel time: 2.946816 ms
2023-12-11 23:19:06 - [INFO] [OriCPKernel] id: 2 is destroyed!
2023-12-11 23:19:06 - [INFO] kernel name: Task2 CP 2, id: 3 is executing ...
2023-12-11 23:19:06 - [INFO] kernel name: Task2 CP 2, kernel time: 2.947136 ms
2023-12-11 23:19:06 - [INFO] [OriCPKernel] id: 3 is destroyed!
2023-12-11 23:19:06 - [INFO] kernel name: Task2 CP 3, id: 4 is executing ...
2023-12-11 23:19:06 - [INFO] kernel name: Task2 CP 3, kernel time: 2.945568 ms
2023-12-11 23:19:06 - [INFO] [OriCPKernel] id: 4 is destroyed!
2023-12-11 23:19:06 - [INFO] kernel name: _Z16g_general_ptb_cpifPfiiiiiiiiii, kernel time: 3.520448 ms
2023-12-11 23:19:06 - [INFO] kernel name: _Z16g_general_ptb_cpifPfiiiiiiiiii, id: 6 is destroyed!
2023-12-11 23:19:06 - [INFO] [OriCPKernel] id: 5 is destroyed!
2023-12-11 23:19:06 - [INFO] task name: Task3, id: 3 is destroyed!
2023-12-11 23:19:06 - [INFO] task name: Task2, id: 2 is destroyed!
2023-12-11 23:19:06 - [INFO] task name: Task1, id: 1 is destroyed!
2023-12-11 23:19:06 - [INFO] TaskManager is destroyed!
2023-12-11 23:22:41 - [INFO] CUDA init complete
2023-12-11 23:22:41 - [INFO] success load module: /home/jxdeng/workspace/tacker/runtime/cubins/ori_cp.cubin
2023-12-11 23:22:41 - [INFO] success load module: /home/jxdeng/workspace/tacker/runtime/cubins/cp_fft.cubin
2023-12-11 23:22:41 - [INFO] kernel name: Task1 CP 1, id: 1 is loading ...
2023-12-11 23:22:41 - [INFO] success load function: _Z6ori_cpifPf
2023-12-11 23:22:41 - [INFO] kernel name: Task2 CP 1, id: 2 is loading ...
2023-12-11 23:22:41 - [INFO] success find function: _Z6ori_cpifPf
2023-12-11 23:22:41 - [INFO] kernel name: Task2 CP 2, id: 3 is loading ...
2023-12-11 23:22:41 - [INFO] success find function: _Z6ori_cpifPf
2023-12-11 23:22:41 - [INFO] kernel name: Task2 CP 3, id: 4 is loading ...
2023-12-11 23:22:41 - [INFO] success find function: _Z6ori_cpifPf
2023-12-11 23:22:41 - [INFO] kernel name: gptb-make-cp, id: 5 is loading ...
2023-12-11 23:22:41 - [INFO] success find function: _Z6ori_cpifPf
2023-12-11 23:22:41 - [INFO] kernel name: _Z16g_general_ptb_cpifPfiiiiiiiiii, id: 6 is loading ...
2023-12-11 23:22:41 - [INFO] success load function: _Z16g_general_ptb_cpifPfiiiiiiiiii
2023-12-11 23:22:41 - [INFO] kernel name: Task1 CP 1, id: 1 is executing ...
2023-12-11 23:22:41 - [INFO] kernel name: Task1 CP 1, kernel time: 2.952992 ms
2023-12-11 23:22:41 - [INFO] [OriCPKernel] id: 1 is destroyed!
2023-12-11 23:22:41 - [INFO] kernel name: Task2 CP 1, id: 2 is executing ...
2023-12-11 23:22:41 - [INFO] kernel name: Task2 CP 1, kernel time: 2.951168 ms
2023-12-11 23:22:41 - [INFO] [OriCPKernel] id: 2 is destroyed!
2023-12-11 23:22:41 - [INFO] kernel name: Task2 CP 2, id: 3 is executing ...
2023-12-11 23:22:41 - [INFO] kernel name: Task2 CP 2, kernel time: 2.949120 ms
2023-12-11 23:22:41 - [INFO] [OriCPKernel] id: 3 is destroyed!
2023-12-11 23:22:41 - [INFO] kernel name: Task2 CP 3, id: 4 is executing ...
2023-12-11 23:22:41 - [INFO] kernel name: Task2 CP 3, kernel time: 2.947072 ms
2023-12-11 23:22:41 - [INFO] [OriCPKernel] id: 4 is destroyed!
2023-12-11 23:22:41 - [INFO] kernel name: _Z16g_general_ptb_cpifPfiiiiiiiiii, kernel time: 3.520512 ms
2023-12-11 23:22:41 - [INFO] kernel name: _Z16g_general_ptb_cpifPfiiiiiiiiii, id: 6 is destroyed!
2023-12-11 23:22:41 - [INFO] [OriCPKernel] id: 5 is destroyed!
2023-12-11 23:22:41 - [INFO] task name: Task3, id: 3 is destroyed!
2023-12-11 23:22:41 - [INFO] task name: Task2, id: 2 is destroyed!
2023-12-11 23:22:41 - [INFO] task name: Task1, id: 1 is destroyed!
2023-12-11 23:22:41 - [INFO] TaskManager is destroyed!
2023-12-11 23:24:27 - [INFO] CUDA init complete
2023-12-11 23:24:27 - [INFO] success load module: /home/jxdeng/workspace/tacker/runtime/cubins/ori_cp.cubin
2023-12-11 23:24:27 - [INFO] success load module: /home/jxdeng/workspace/tacker/runtime/cubins/cp_fft.cubin
2023-12-11 23:24:27 - [INFO] kernel name: Task1 CP 1, id: 1 is loading ...
2023-12-11 23:24:27 - [INFO] success load function: _Z6ori_cpifPf
2023-12-11 23:24:27 - [INFO] kernel name: Task2 CP 1, id: 2 is loading ...
2023-12-11 23:24:27 - [INFO] success find function: _Z6ori_cpifPf
2023-12-11 23:24:27 - [INFO] kernel name: Task2 CP 2, id: 3 is loading ...
2023-12-11 23:24:27 - [INFO] success find function: _Z6ori_cpifPf
2023-12-11 23:24:27 - [INFO] kernel name: Task2 CP 3, id: 4 is loading ...
2023-12-11 23:24:27 - [INFO] success find function: _Z6ori_cpifPf
2023-12-11 23:24:27 - [INFO] kernel name: gptb-make-cp, id: 5 is loading ...
2023-12-11 23:24:27 - [INFO] success find function: _Z6ori_cpifPf
2023-12-11 23:24:27 - [INFO] kernel name: _Z16g_general_ptb_cpifPfiiiiiiiiii, id: 6 is loading ...
2023-12-11 23:24:27 - [INFO] success load function: _Z16g_general_ptb_cpifPfiiiiiiiiii
2023-12-11 23:24:27 - [INFO] kernel name: Task1 CP 1, id: 1 is executing ...
2023-12-11 23:24:27 - [INFO] kernel name: Task1 CP 1, kernel time: 2.953248 ms
2023-12-11 23:24:27 - [INFO] [OriCPKernel] id: 1 is destroyed!
2023-12-11 23:24:27 - [INFO] kernel name: Task2 CP 1, id: 2 is executing ...
2023-12-11 23:24:27 - [INFO] kernel name: Task2 CP 1, kernel time: 2.949216 ms
2023-12-11 23:24:27 - [INFO] [OriCPKernel] id: 2 is destroyed!
2023-12-11 23:24:27 - [INFO] kernel name: Task2 CP 2, id: 3 is executing ...
2023-12-11 23:24:27 - [INFO] kernel name: Task2 CP 2, kernel time: 2.947872 ms
2023-12-11 23:24:27 - [INFO] [OriCPKernel] id: 3 is destroyed!
2023-12-11 23:24:27 - [INFO] kernel name: Task2 CP 3, id: 4 is executing ...
2023-12-11 23:24:27 - [INFO] kernel name: Task2 CP 3, kernel time: 2.947776 ms
2023-12-11 23:24:27 - [INFO] [OriCPKernel] id: 4 is destroyed!
2023-12-11 23:24:27 - [INFO] kernel name: _Z16g_general_ptb_cpifPfiiiiiiiiii, kernel time: 3.520576 ms
2023-12-11 23:24:27 - [INFO] kernel name: _Z16g_general_ptb_cpifPfiiiiiiiiii, id: 6 is destroyed!
2023-12-11 23:24:28 - [INFO] [OriCPKernel] id: 5 is destroyed!
2023-12-11 23:24:28 - [INFO] task name: Task3, id: 3 is destroyed!
2023-12-11 23:24:28 - [INFO] task name: Task2, id: 2 is destroyed!
2023-12-11 23:24:28 - [INFO] task name: Task1, id: 1 is destroyed!
2023-12-11 23:24:28 - [INFO] Tacker exit
2023-12-11 23:24:28 - [INFO] TaskManager is destroyed!
2023-12-11 23:25:57 - [INFO] CUDA init complete
2023-12-11 23:25:57 - [INFO] success load module: /home/jxdeng/workspace/tacker/runtime/cubins/ori_cp.cubin
2023-12-11 23:25:57 - [INFO] success load module: /home/jxdeng/workspace/tacker/runtime/cubins/cp_fft.cubin
2023-12-11 23:25:57 - [INFO] kernel name: Task1 CP 1, id: 1 is loading ...
2023-12-11 23:25:57 - [INFO] success load function: _Z6ori_cpifPf
2023-12-11 23:25:57 - [INFO] kernel name: Task2 CP 1, id: 2 is loading ...
2023-12-11 23:25:57 - [INFO] success find function: _Z6ori_cpifPf
2023-12-11 23:25:57 - [INFO] kernel name: Task2 CP 2, id: 3 is loading ...
2023-12-11 23:25:57 - [INFO] success find function: _Z6ori_cpifPf
2023-12-11 23:25:57 - [INFO] kernel name: Task2 CP 3, id: 4 is loading ...
2023-12-11 23:25:57 - [INFO] success find function: _Z6ori_cpifPf
2023-12-11 23:25:57 - [INFO] kernel name: gptb-make-cp, id: 5 is loading ...
2023-12-11 23:25:57 - [INFO] success find function: _Z6ori_cpifPf
2023-12-11 23:25:57 - [INFO] kernel name: _Z16g_general_ptb_cpifPfiiiiiiiiii, id: 6 is loading ...
2023-12-11 23:25:57 - [INFO] success load function: _Z16g_general_ptb_cpifPfiiiiiiiiii
2023-12-11 23:25:57 - [INFO] kernel name: Task1 CP 1, id: 1 is executing ...
2023-12-11 23:25:57 - [INFO] kernel name: Task1 CP 1, kernel time: 2.949664 ms
2023-12-11 23:25:57 - [INFO] [OriCPKernel] id: 1 is destroyed!
2023-12-11 23:25:57 - [INFO] kernel name: Task2 CP 1, id: 2 is executing ...
2023-12-11 23:25:57 - [INFO] kernel name: Task2 CP 1, kernel time: 2.945728 ms
2023-12-11 23:25:57 - [INFO] [OriCPKernel] id: 2 is destroyed!
2023-12-11 23:25:57 - [INFO] kernel name: Task2 CP 2, id: 3 is executing ...
2023-12-11 23:25:57 - [INFO] kernel name: Task2 CP 2, kernel time: 2.948544 ms
2023-12-11 23:25:57 - [INFO] [OriCPKernel] id: 3 is destroyed!
2023-12-11 23:25:57 - [INFO] kernel name: Task2 CP 3, id: 4 is executing ...
2023-12-11 23:25:57 - [INFO] kernel name: Task2 CP 3, kernel time: 2.945600 ms
2023-12-11 23:25:57 - [INFO] [OriCPKernel] id: 4 is destroyed!
2023-12-11 23:25:57 - [INFO] kernel name: _Z16g_general_ptb_cpifPfiiiiiiiiii, kernel time: 3.516768 ms
2023-12-11 23:25:57 - [INFO] kernel name: _Z16g_general_ptb_cpifPfiiiiiiiiii, id: 6 is destroyed!
2023-12-11 23:25:57 - [INFO] [OriCPKernel] id: 5 is destroyed!
2023-12-11 23:25:57 - [INFO] task name: Task3, id: 3 is destroyed!
2023-12-11 23:25:57 - [INFO] task name: Task2, id: 2 is destroyed!
2023-12-11 23:25:57 - [INFO] task name: Task1, id: 1 is destroyed!
2023-12-11 23:25:58 - [INFO] Tacker exit
2023-12-11 23:25:58 - [INFO] TaskManager is destroyed!
