2024-01-18 01:04:02 - [INFO] CUDA init complete
2024-01-18 01:04:04 - [INFO] kernel name: ori_cp, id: 1 is executing ...
2024-01-18 01:04:04 - [INFO] kernel name: ori_cp, kernel time: 2.916352 ms
2024-01-18 01:04:04 - [INFO] kernel name: ori_cutcp, id: 2 is executing ...
2024-01-18 01:04:04 - [INFO] kernel name: ori_cutcp, kernel time: 0.858144 ms
2024-01-18 01:04:04 - [INFO] kernel name: ori_fft, id: 3 is executing ...
2024-01-18 01:04:04 - [INFO] kernel name: ori_fft, kernel time: 1.517376 ms
2024-01-18 01:04:04 - [INFO] kernel name: ori_lbm, id: 4 is executing ...
2024-01-18 01:04:04 - [INFO] kernel name: ori_lbm, kernel time: 0.733184 ms
2024-01-18 01:04:04 - [INFO] kernel name: ori_mrif, id: 5 is executing ...
2024-01-18 01:04:04 - [INFO] kernel name: ori_mrif, kernel time: 1.337344 ms
2024-01-18 01:04:04 - [INFO] kernel name: ori_mriq, id: 6 is executing ...
2024-01-18 01:04:04 - [INFO] kernel name: ori_mriq, kernel time: 1.521792 ms
2024-01-18 01:04:04 - [INFO] kernel name: ori_sgemm, id: 7 is executing ...
2024-01-18 01:04:04 - [INFO] -- launchGridDim: 3, 258, 1
2024-01-18 01:04:04 - [INFO] -- launchBlockDim: 16, 8, 1
2024-01-18 01:04:04 - [INFO] kernel name: ori_sgemm, kernel time: 2.947072 ms
2024-01-18 01:04:04 - [INFO] kernel name: ori_stencil, id: 8 is executing ...
2024-01-18 01:04:04 - [INFO] -- launchGridDim: 8, 128, 1
2024-01-18 01:04:04 - [INFO] -- launchBlockDim: 32, 4, 1
2024-01-18 01:04:04 - [INFO] kernel name: ori_stencil, kernel time: 0.379872 ms
2024-01-18 01:04:04 - [INFO] kernel name: gptb_lbm, id: 16 is executing ...
2024-01-18 01:04:04 - [INFO] kernel name: gptb_lbm, id: 16 is executing ...
2024-01-18 01:04:04 - [INFO] kernel name: gptb_lbm, kernel time: 0.919584 ms
2024-01-18 01:04:04 - [INFO] kernel name: gptb_mrif, id: 17 is executing ...
2024-01-18 01:04:04 - [INFO] kernel name: gptb_mrif, id: 17 is executing ...
2024-01-18 01:04:04 - [INFO] kernel name: gptb_mrif, kernel time: 1.448768 ms
2024-01-18 01:04:04 - [INFO] kernel name: gptb_mriq, id: 18 is executing ...
2024-01-18 01:04:04 - [INFO] kernel name: gptb_mriq, id: 18 is executing ...
2024-01-18 01:04:04 - [INFO] kernel name: gptb_mriq, kernel time: 1.781760 ms
2024-01-18 01:04:04 - [INFO] kernel name: gptb_sgemm, id: 19 is executing ...
2024-01-18 01:04:04 - [INFO] kernel name: gptb_sgemm, id: 19 is executing ...
2024-01-18 01:04:04 - [INFO] kernel name: gptb_sgemm, kernel time: 3.188160 ms
2024-01-18 01:04:04 - [INFO] kernel name: gptb_stencil, id: 20 is executing ...
2024-01-18 01:04:04 - [INFO] kernel name: gptb_stencil, id: 20 is executing ...
2024-01-18 01:04:04 - [INFO] kernel name: gptb_stencil, kernel time: 0.305280 ms
2024-01-18 01:04:04 - [INFO] Tacker exit
2024-01-18 01:05:38 - [INFO] CUDA init complete
2024-01-18 01:05:38 - [INFO] kernel name: ori_cp, id: 1 is executing ...
2024-01-18 01:05:38 - [INFO] kernel name: ori_cp, kernel time: 2.883584 ms
2024-01-18 01:05:38 - [INFO] kernel name: ori_cutcp, id: 2 is executing ...
2024-01-18 01:05:38 - [INFO] kernel name: ori_cutcp, kernel time: 0.855808 ms
2024-01-18 01:05:38 - [INFO] kernel name: ori_fft, id: 3 is executing ...
2024-01-18 01:05:38 - [INFO] kernel name: ori_fft, kernel time: 1.505280 ms
2024-01-18 01:05:38 - [INFO] kernel name: ori_lbm, id: 4 is executing ...
2024-01-18 01:05:38 - [INFO] kernel name: ori_lbm, kernel time: 0.739520 ms
2024-01-18 01:05:38 - [INFO] kernel name: ori_mrif, id: 5 is executing ...
2024-01-18 01:05:38 - [INFO] kernel name: ori_mrif, kernel time: 1.322848 ms
2024-01-18 01:05:38 - [INFO] kernel name: ori_mriq, id: 6 is executing ...
2024-01-18 01:05:38 - [INFO] kernel name: ori_mriq, kernel time: 1.505632 ms
2024-01-18 01:05:38 - [INFO] kernel name: ori_sgemm, id: 7 is executing ...
2024-01-18 01:05:38 - [INFO] -- launchGridDim: 3, 258, 1
2024-01-18 01:05:38 - [INFO] -- launchBlockDim: 16, 8, 1
2024-01-18 01:05:38 - [INFO] kernel name: ori_sgemm, kernel time: 2.924544 ms
2024-01-18 01:05:38 - [INFO] kernel name: ori_stencil, id: 8 is executing ...
2024-01-18 01:05:38 - [INFO] -- launchGridDim: 8, 128, 1
2024-01-18 01:05:38 - [INFO] -- launchBlockDim: 32, 4, 1
2024-01-18 01:05:38 - [INFO] kernel name: ori_stencil, kernel time: 0.391168 ms
2024-01-18 01:05:38 - [INFO] kernel name: gptb_lbm, id: 16 is executing ...
2024-01-18 01:05:38 - [INFO] kernel name: gptb_lbm, kernel time: 0.893888 ms
2024-01-18 01:05:38 - [INFO] kernel name: gptb_mrif, id: 17 is executing ...
2024-01-18 01:05:38 - [INFO] kernel name: gptb_mrif, kernel time: 1.405504 ms
2024-01-18 01:05:38 - [INFO] kernel name: gptb_mriq, id: 18 is executing ...
2024-01-18 01:05:38 - [INFO] kernel name: gptb_mriq, kernel time: 1.747232 ms
2024-01-18 01:05:38 - [INFO] kernel name: gptb_sgemm, id: 19 is executing ...
2024-01-18 01:05:38 - [INFO] kernel name: gptb_sgemm, kernel time: 3.143872 ms
2024-01-18 01:05:38 - [INFO] kernel name: gptb_stencil, id: 20 is executing ...
2024-01-18 01:05:38 - [INFO] kernel name: gptb_stencil, kernel time: 0.275616 ms
2024-01-18 01:05:39 - [INFO] Tacker exit
2024-01-18 01:07:42 - [INFO] CUDA init complete
2024-01-18 01:07:43 - [INFO] kernel name: ori_cp, id: 1 is executing ...
2024-01-18 01:07:43 - [INFO] kernel name: ori_cp, kernel time: 2.883008 ms
2024-01-18 01:07:43 - [INFO] kernel name: ori_cutcp, id: 2 is executing ...
2024-01-18 01:07:43 - [INFO] kernel name: ori_cutcp, kernel time: 0.855872 ms
2024-01-18 01:07:43 - [INFO] kernel name: ori_fft, id: 3 is executing ...
2024-01-18 01:07:43 - [INFO] kernel name: ori_fft, kernel time: 1.506752 ms
2024-01-18 01:07:43 - [INFO] kernel name: ori_lbm, id: 4 is executing ...
2024-01-18 01:07:43 - [INFO] kernel name: ori_lbm, kernel time: 0.726656 ms
2024-01-18 01:07:43 - [INFO] kernel name: ori_mrif, id: 5 is executing ...
2024-01-18 01:07:43 - [INFO] kernel name: ori_mrif, kernel time: 1.324576 ms
2024-01-18 01:07:43 - [INFO] kernel name: ori_mriq, id: 6 is executing ...
2024-01-18 01:07:43 - [INFO] kernel name: ori_mriq, kernel time: 1.505120 ms
2024-01-18 01:07:43 - [INFO] kernel name: ori_sgemm, id: 7 is executing ...
2024-01-18 01:07:43 - [INFO] -- launchGridDim: 3, 258, 1
2024-01-18 01:07:43 - [INFO] -- launchBlockDim: 16, 8, 1
2024-01-18 01:07:43 - [INFO] kernel name: ori_sgemm, kernel time: 2.935680 ms
2024-01-18 01:07:43 - [INFO] kernel name: ori_stencil, id: 8 is executing ...
2024-01-18 01:07:43 - [INFO] -- launchGridDim: 8, 128, 1
2024-01-18 01:07:43 - [INFO] -- launchBlockDim: 32, 4, 1
2024-01-18 01:07:43 - [INFO] kernel name: ori_stencil, kernel time: 0.383136 ms
2024-01-18 01:07:43 - [INFO] kernel name: gptb_lbm, id: 16 is executing ...
2024-01-18 01:07:43 - [INFO] kernel name: gptb_lbm, kernel time: 0.902432 ms
2024-01-18 01:07:43 - [INFO] kernel name: gptb_mrif, id: 17 is executing ...
2024-01-18 01:07:43 - [INFO] kernel name: gptb_mrif, kernel time: 1.382400 ms
2024-01-18 01:07:43 - [INFO] kernel name: gptb_mriq, id: 18 is executing ...
2024-01-18 01:07:43 - [INFO] kernel name: gptb_mriq, kernel time: 1.747616 ms
2024-01-18 01:07:43 - [INFO] kernel name: gptb_sgemm, id: 19 is executing ...
2024-01-18 01:07:43 - [INFO] kernel name: gptb_sgemm, kernel time: 3.139584 ms
2024-01-18 01:07:43 - [INFO] kernel name: gptb_stencil, id: 20 is executing ...
2024-01-18 01:07:43 - [INFO] kernel name: gptb_stencil, kernel time: 0.276480 ms
2024-01-18 01:07:43 - [INFO] Tacker exit
2024-01-18 01:07:47 - [INFO] CUDA init complete
2024-01-18 01:07:48 - [INFO] kernel name: ori_cp, id: 1 is executing ...
2024-01-18 01:07:48 - [INFO] kernel name: ori_cp, kernel time: 2.922624 ms
2024-01-18 01:07:48 - [INFO] kernel name: ori_cutcp, id: 2 is executing ...
2024-01-18 01:07:48 - [INFO] kernel name: ori_cutcp, kernel time: 0.876992 ms
2024-01-18 01:07:48 - [INFO] kernel name: ori_fft, id: 3 is executing ...
2024-01-18 01:07:48 - [INFO] kernel name: ori_fft, kernel time: 1.526944 ms
2024-01-18 01:07:48 - [INFO] kernel name: ori_lbm, id: 4 is executing ...
2024-01-18 01:07:48 - [INFO] kernel name: ori_lbm, kernel time: 0.741376 ms
2024-01-18 01:07:48 - [INFO] kernel name: ori_mrif, id: 5 is executing ...
2024-01-18 01:07:48 - [INFO] kernel name: ori_mrif, kernel time: 1.339200 ms
2024-01-18 01:07:48 - [INFO] kernel name: ori_mriq, id: 6 is executing ...
2024-01-18 01:07:48 - [INFO] kernel name: ori_mriq, kernel time: 1.526368 ms
2024-01-18 01:07:48 - [INFO] kernel name: ori_sgemm, id: 7 is executing ...
2024-01-18 01:07:48 - [INFO] -- launchGridDim: 3, 258, 1
2024-01-18 01:07:48 - [INFO] -- launchBlockDim: 16, 8, 1
2024-01-18 01:07:48 - [INFO] kernel name: ori_sgemm, kernel time: 2.964640 ms
2024-01-18 01:07:48 - [INFO] kernel name: ori_stencil, id: 8 is executing ...
2024-01-18 01:07:48 - [INFO] -- launchGridDim: 8, 128, 1
2024-01-18 01:07:48 - [INFO] -- launchBlockDim: 32, 4, 1
2024-01-18 01:07:48 - [INFO] kernel name: ori_stencil, kernel time: 0.378816 ms
2024-01-18 01:07:48 - [INFO] kernel name: gptb_lbm, id: 16 is executing ...
2024-01-18 01:07:48 - [INFO] kernel name: gptb_lbm, kernel time: 0.870240 ms
2024-01-18 01:07:48 - [INFO] kernel name: gptb_mrif, id: 17 is executing ...
2024-01-18 01:07:48 - [INFO] kernel name: gptb_mrif, kernel time: 1.425760 ms
2024-01-18 01:07:48 - [INFO] kernel name: gptb_mriq, id: 18 is executing ...
2024-01-18 01:07:48 - [INFO] kernel name: gptb_mriq, kernel time: 1.767616 ms
2024-01-18 01:07:48 - [INFO] kernel name: gptb_sgemm, id: 19 is executing ...
2024-01-18 01:07:48 - [INFO] kernel name: gptb_sgemm, kernel time: 3.233792 ms
2024-01-18 01:07:48 - [INFO] kernel name: gptb_stencil, id: 20 is executing ...
2024-01-18 01:07:48 - [INFO] kernel name: gptb_stencil, kernel time: 0.277472 ms
2024-01-18 01:07:48 - [INFO] Tacker exit
2024-01-18 01:07:55 - [INFO] CUDA init complete
2024-01-18 01:07:56 - [INFO] kernel name: ori_cp, id: 1 is executing ...
2024-01-18 01:07:56 - [INFO] kernel name: ori_cp, kernel time: 2.980096 ms
2024-01-18 01:07:56 - [INFO] kernel name: ori_cutcp, id: 2 is executing ...
2024-01-18 01:07:56 - [INFO] kernel name: ori_cutcp, kernel time: 0.878048 ms
2024-01-18 01:07:56 - [INFO] kernel name: ori_fft, id: 3 is executing ...
2024-01-18 01:07:56 - [INFO] kernel name: ori_fft, kernel time: 1.533696 ms
2024-01-18 01:07:56 - [INFO] kernel name: ori_lbm, id: 4 is executing ...
2024-01-18 01:07:56 - [INFO] kernel name: ori_lbm, kernel time: 0.735648 ms
2024-01-18 01:07:56 - [INFO] kernel name: ori_mrif, id: 5 is executing ...
2024-01-18 01:07:56 - [INFO] kernel name: ori_mrif, kernel time: 1.339200 ms
2024-01-18 01:07:56 - [INFO] kernel name: ori_mriq, id: 6 is executing ...
2024-01-18 01:07:56 - [INFO] kernel name: ori_mriq, kernel time: 1.524448 ms
2024-01-18 01:07:56 - [INFO] kernel name: ori_sgemm, id: 7 is executing ...
2024-01-18 01:07:56 - [INFO] -- launchGridDim: 3, 258, 1
2024-01-18 01:07:56 - [INFO] -- launchBlockDim: 16, 8, 1
2024-01-18 01:07:56 - [INFO] kernel name: ori_sgemm, kernel time: 2.956416 ms
2024-01-18 01:07:56 - [INFO] kernel name: ori_stencil, id: 8 is executing ...
2024-01-18 01:07:56 - [INFO] -- launchGridDim: 8, 128, 1
2024-01-18 01:07:56 - [INFO] -- launchBlockDim: 32, 4, 1
2024-01-18 01:07:56 - [INFO] kernel name: ori_stencil, kernel time: 0.407552 ms
2024-01-18 01:07:56 - [INFO] kernel name: gptb_lbm, id: 16 is executing ...
2024-01-18 01:07:56 - [INFO] kernel name: gptb_lbm, kernel time: 0.887872 ms
2024-01-18 01:07:56 - [INFO] kernel name: gptb_mrif, id: 17 is executing ...
2024-01-18 01:07:56 - [INFO] kernel name: gptb_mrif, kernel time: 1.448544 ms
2024-01-18 01:07:56 - [INFO] kernel name: gptb_mriq, id: 18 is executing ...
2024-01-18 01:07:56 - [INFO] kernel name: gptb_mriq, kernel time: 1.765248 ms
2024-01-18 01:07:56 - [INFO] kernel name: gptb_sgemm, id: 19 is executing ...
2024-01-18 01:07:56 - [INFO] kernel name: gptb_sgemm, kernel time: 3.170560 ms
2024-01-18 01:07:56 - [INFO] kernel name: gptb_stencil, id: 20 is executing ...
2024-01-18 01:07:56 - [INFO] kernel name: gptb_stencil, kernel time: 0.281408 ms
2024-01-18 01:07:56 - [INFO] Tacker exit
2024-01-18 01:09:22 - [INFO] CUDA init complete
2024-01-18 01:09:23 - [INFO] kernel name: ori_cp, id: 1 is executing ...
2024-01-18 01:09:23 - [INFO] kernel name: ori_cp, kernel time: 2.926208 ms
2024-01-18 01:09:23 - [INFO] kernel name: ori_cutcp, id: 2 is executing ...
2024-01-18 01:09:23 - [INFO] kernel name: ori_cutcp, kernel time: 0.864704 ms
2024-01-18 01:09:23 - [INFO] kernel name: ori_fft, id: 3 is executing ...
2024-01-18 01:09:23 - [INFO] kernel name: ori_fft, kernel time: 1.536928 ms
2024-01-18 01:09:23 - [INFO] kernel name: ori_lbm, id: 4 is executing ...
2024-01-18 01:09:23 - [INFO] kernel name: ori_lbm, kernel time: 0.744768 ms
2024-01-18 01:09:23 - [INFO] kernel name: ori_mrif, id: 5 is executing ...
2024-01-18 01:09:23 - [INFO] kernel name: ori_mrif, kernel time: 1.341408 ms
2024-01-18 01:09:23 - [INFO] kernel name: ori_mriq, id: 6 is executing ...
2024-01-18 01:09:23 - [INFO] kernel name: ori_mriq, kernel time: 1.527328 ms
2024-01-18 01:09:23 - [INFO] kernel name: ori_sgemm, id: 7 is executing ...
2024-01-18 01:09:23 - [INFO] kernel name: ori_sgemm, kernel time: 2.933888 ms
2024-01-18 01:09:23 - [INFO] kernel name: ori_stencil, id: 8 is executing ...
2024-01-18 01:09:23 - [INFO] kernel name: ori_stencil, kernel time: 0.361280 ms
2024-01-18 01:09:23 - [INFO] kernel name: gptb_lbm, id: 16 is executing ...
2024-01-18 01:09:23 - [INFO] kernel name: gptb_lbm, kernel time: 0.910592 ms
2024-01-18 01:09:23 - [INFO] kernel name: gptb_mrif, id: 17 is executing ...
2024-01-18 01:09:23 - [INFO] kernel name: gptb_mrif, kernel time: 1.418688 ms
2024-01-18 01:09:23 - [INFO] kernel name: gptb_mriq, id: 18 is executing ...
2024-01-18 01:09:23 - [INFO] kernel name: gptb_mriq, kernel time: 1.768672 ms
2024-01-18 01:09:23 - [INFO] kernel name: gptb_sgemm, id: 19 is executing ...
2024-01-18 01:09:23 - [INFO] kernel name: gptb_sgemm, kernel time: 3.209856 ms
2024-01-18 01:09:23 - [INFO] kernel name: gptb_stencil, id: 20 is executing ...
2024-01-18 01:09:23 - [INFO] kernel name: gptb_stencil, kernel time: 0.278912 ms
2024-01-18 01:09:23 - [INFO] Tacker exit
